../../../Middlewares/Third_Party/Infineon_Wireless_Connectivity/pal/core-lib/include/cy_utils.h:48:20:CY_HALT	4	static,ignoring_inline_asm
../../../Middlewares/Third_Party/Infineon_Wireless_Connectivity/pal/abstraction-rtos/include/cyabs_rtos_internal.h:41:20:is_in_isr	16	static,ignoring_inline_asm
C:/Users/Ganesh Thorat/Desktop/Demo8Oct2024/wifi_scan/Middlewares/Third_Party/Infineon_Wireless_Connectivity/pal/abstraction-rtos/source/COMPONENT_FREERTOS/cyabs_rtos_freertos.c:47:13:timer_callback	24	static
C:/Users/Ganesh Thorat/Desktop/Demo8Oct2024/wifi_scan/Middlewares/Third_Party/Infineon_Wireless_Connectivity/pal/abstraction-rtos/source/COMPONENT_FREERTOS/cyabs_rtos_freertos.c:64:17:cy_rtos_last_error	4	static
C:/Users/Ganesh Thorat/Desktop/Demo8Oct2024/wifi_scan/Middlewares/Third_Party/Infineon_Wireless_Connectivity/pal/abstraction-rtos/source/COMPONENT_FREERTOS/cyabs_rtos_freertos.c:86:11:cy_rtos_thread_create	72	static
C:/Users/Ganesh Thorat/Desktop/Demo8Oct2024/wifi_scan/Middlewares/Third_Party/Infineon_Wireless_Connectivity/pal/abstraction-rtos/source/COMPONENT_FREERTOS/cyabs_rtos_freertos.c:148:11:cy_rtos_thread_exit	16	static
C:/Users/Ganesh Thorat/Desktop/Demo8Oct2024/wifi_scan/Middlewares/Third_Party/Infineon_Wireless_Connectivity/pal/abstraction-rtos/source/COMPONENT_FREERTOS/cyabs_rtos_freertos.c:194:11:cy_rtos_thread_terminate	24	static
C:/Users/Ganesh Thorat/Desktop/Demo8Oct2024/wifi_scan/Middlewares/Third_Party/Infineon_Wireless_Connectivity/pal/abstraction-rtos/source/COMPONENT_FREERTOS/cyabs_rtos_freertos.c:223:11:cy_rtos_thread_is_running	24	static
C:/Users/Ganesh Thorat/Desktop/Demo8Oct2024/wifi_scan/Middlewares/Third_Party/Infineon_Wireless_Connectivity/pal/abstraction-rtos/source/COMPONENT_FREERTOS/cyabs_rtos_freertos.c:243:11:cy_rtos_thread_get_state	24	static
C:/Users/Ganesh Thorat/Desktop/Demo8Oct2024/wifi_scan/Middlewares/Third_Party/Infineon_Wireless_Connectivity/pal/abstraction-rtos/source/COMPONENT_FREERTOS/cyabs_rtos_freertos.c:290:11:cy_rtos_thread_join	24	static
C:/Users/Ganesh Thorat/Desktop/Demo8Oct2024/wifi_scan/Middlewares/Third_Party/Infineon_Wireless_Connectivity/pal/abstraction-rtos/source/COMPONENT_FREERTOS/cyabs_rtos_freertos.c:316:11:cy_rtos_thread_get_handle	24	static
C:/Users/Ganesh Thorat/Desktop/Demo8Oct2024/wifi_scan/Middlewares/Third_Party/Infineon_Wireless_Connectivity/pal/abstraction-rtos/source/COMPONENT_FREERTOS/cyabs_rtos_freertos.c:336:11:cy_rtos_thread_wait_notification	24	static
C:/Users/Ganesh Thorat/Desktop/Demo8Oct2024/wifi_scan/Middlewares/Third_Party/Infineon_Wireless_Connectivity/pal/abstraction-rtos/source/COMPONENT_FREERTOS/cyabs_rtos_freertos.c:357:11:cy_rtos_thread_set_notification	24	static,ignoring_inline_asm
C:/Users/Ganesh Thorat/Desktop/Demo8Oct2024/wifi_scan/Middlewares/Third_Party/Infineon_Wireless_Connectivity/pal/abstraction-rtos/source/COMPONENT_FREERTOS/cyabs_rtos_freertos.c:387:11:cy_rtos_thread_get_name	16	static
C:/Users/Ganesh Thorat/Desktop/Demo8Oct2024/wifi_scan/Middlewares/Third_Party/Infineon_Wireless_Connectivity/pal/abstraction-rtos/source/COMPONENT_FREERTOS/cyabs_rtos_freertos.c:403:11:cy_rtos_scheduler_suspend	24	static,ignoring_inline_asm
C:/Users/Ganesh Thorat/Desktop/Demo8Oct2024/wifi_scan/Middlewares/Third_Party/Infineon_Wireless_Connectivity/pal/abstraction-rtos/source/COMPONENT_FREERTOS/cyabs_rtos_freertos.c:435:11:cy_rtos_scheduler_resume	16	static,ignoring_inline_asm
C:/Users/Ganesh Thorat/Desktop/Demo8Oct2024/wifi_scan/Middlewares/Third_Party/Infineon_Wireless_Connectivity/pal/abstraction-rtos/source/COMPONENT_FREERTOS/cyabs_rtos_freertos.c:476:11:cy_rtos_mutex_init	24	static
C:/Users/Ganesh Thorat/Desktop/Demo8Oct2024/wifi_scan/Middlewares/Third_Party/Infineon_Wireless_Connectivity/pal/abstraction-rtos/source/COMPONENT_FREERTOS/cyabs_rtos_freertos.c:505:11:cy_rtos_mutex_get	32	static
C:/Users/Ganesh Thorat/Desktop/Demo8Oct2024/wifi_scan/Middlewares/Third_Party/Infineon_Wireless_Connectivity/pal/abstraction-rtos/source/COMPONENT_FREERTOS/cyabs_rtos_freertos.c:530:11:cy_rtos_mutex_set	24	static
C:/Users/Ganesh Thorat/Desktop/Demo8Oct2024/wifi_scan/Middlewares/Third_Party/Infineon_Wireless_Connectivity/pal/abstraction-rtos/source/COMPONENT_FREERTOS/cyabs_rtos_freertos.c:554:11:cy_rtos_mutex_deinit	24	static
C:/Users/Ganesh Thorat/Desktop/Demo8Oct2024/wifi_scan/Middlewares/Third_Party/Infineon_Wireless_Connectivity/pal/abstraction-rtos/source/COMPONENT_FREERTOS/cyabs_rtos_freertos.c:577:11:cy_rtos_semaphore_init	32	static
C:/Users/Ganesh Thorat/Desktop/Demo8Oct2024/wifi_scan/Middlewares/Third_Party/Infineon_Wireless_Connectivity/pal/abstraction-rtos/source/COMPONENT_FREERTOS/cyabs_rtos_freertos.c:603:11:cy_rtos_semaphore_get	32	static
C:/Users/Ganesh Thorat/Desktop/Demo8Oct2024/wifi_scan/Middlewares/Third_Party/Infineon_Wireless_Connectivity/pal/abstraction-rtos/source/COMPONENT_FREERTOS/cyabs_rtos_freertos.c:642:11:cy_rtos_semaphore_set	32	static,ignoring_inline_asm
C:/Users/Ganesh Thorat/Desktop/Demo8Oct2024/wifi_scan/Middlewares/Third_Party/Infineon_Wireless_Connectivity/pal/abstraction-rtos/source/COMPONENT_FREERTOS/cyabs_rtos_freertos.c:683:11:cy_rtos_semaphore_get_count	24	static
C:/Users/Ganesh Thorat/Desktop/Demo8Oct2024/wifi_scan/Middlewares/Third_Party/Infineon_Wireless_Connectivity/pal/abstraction-rtos/source/COMPONENT_FREERTOS/cyabs_rtos_freertos.c:702:11:cy_rtos_semaphore_deinit	24	static
C:/Users/Ganesh Thorat/Desktop/Demo8Oct2024/wifi_scan/Middlewares/Third_Party/Infineon_Wireless_Connectivity/pal/abstraction-rtos/source/COMPONENT_FREERTOS/cyabs_rtos_freertos.c:725:11:cy_rtos_event_init	24	static
C:/Users/Ganesh Thorat/Desktop/Demo8Oct2024/wifi_scan/Middlewares/Third_Party/Infineon_Wireless_Connectivity/pal/abstraction-rtos/source/COMPONENT_FREERTOS/cyabs_rtos_freertos.c:751:11:cy_rtos_event_setbits	32	static
C:/Users/Ganesh Thorat/Desktop/Demo8Oct2024/wifi_scan/Middlewares/Third_Party/Infineon_Wireless_Connectivity/pal/abstraction-rtos/source/COMPONENT_FREERTOS/cyabs_rtos_freertos.c:792:11:cy_rtos_event_clearbits	24	static
C:/Users/Ganesh Thorat/Desktop/Demo8Oct2024/wifi_scan/Middlewares/Third_Party/Infineon_Wireless_Connectivity/pal/abstraction-rtos/source/COMPONENT_FREERTOS/cyabs_rtos_freertos.c:832:11:cy_rtos_event_getbits	24	static
C:/Users/Ganesh Thorat/Desktop/Demo8Oct2024/wifi_scan/Middlewares/Third_Party/Infineon_Wireless_Connectivity/pal/abstraction-rtos/source/COMPONENT_FREERTOS/cyabs_rtos_freertos.c:851:11:cy_rtos_event_waitbits	48	static
C:/Users/Ganesh Thorat/Desktop/Demo8Oct2024/wifi_scan/Middlewares/Third_Party/Infineon_Wireless_Connectivity/pal/abstraction-rtos/source/COMPONENT_FREERTOS/cyabs_rtos_freertos.c:877:11:cy_rtos_event_deinit	24	static
C:/Users/Ganesh Thorat/Desktop/Demo8Oct2024/wifi_scan/Middlewares/Third_Party/Infineon_Wireless_Connectivity/pal/abstraction-rtos/source/COMPONENT_FREERTOS/cyabs_rtos_freertos.c:900:11:cy_rtos_queue_init	32	static
C:/Users/Ganesh Thorat/Desktop/Demo8Oct2024/wifi_scan/Middlewares/Third_Party/Infineon_Wireless_Connectivity/pal/abstraction-rtos/source/COMPONENT_FREERTOS/cyabs_rtos_freertos.c:926:11:cy_rtos_queue_put	40	static
C:/Users/Ganesh Thorat/Desktop/Demo8Oct2024/wifi_scan/Middlewares/Third_Party/Infineon_Wireless_Connectivity/pal/abstraction-rtos/source/COMPONENT_FREERTOS/cyabs_rtos_freertos.c:962:11:cy_rtos_queue_get	40	static
C:/Users/Ganesh Thorat/Desktop/Demo8Oct2024/wifi_scan/Middlewares/Third_Party/Infineon_Wireless_Connectivity/pal/abstraction-rtos/source/COMPONENT_FREERTOS/cyabs_rtos_freertos.c:998:11:cy_rtos_queue_count	24	static
C:/Users/Ganesh Thorat/Desktop/Demo8Oct2024/wifi_scan/Middlewares/Third_Party/Infineon_Wireless_Connectivity/pal/abstraction-rtos/source/COMPONENT_FREERTOS/cyabs_rtos_freertos.c:1019:11:cy_rtos_queue_space	24	static
C:/Users/Ganesh Thorat/Desktop/Demo8Oct2024/wifi_scan/Middlewares/Third_Party/Infineon_Wireless_Connectivity/pal/abstraction-rtos/source/COMPONENT_FREERTOS/cyabs_rtos_freertos.c:1038:11:cy_rtos_queue_reset	24	static
C:/Users/Ganesh Thorat/Desktop/Demo8Oct2024/wifi_scan/Middlewares/Third_Party/Infineon_Wireless_Connectivity/pal/abstraction-rtos/source/COMPONENT_FREERTOS/cyabs_rtos_freertos.c:1065:11:cy_rtos_queue_deinit	24	static
C:/Users/Ganesh Thorat/Desktop/Demo8Oct2024/wifi_scan/Middlewares/Third_Party/Infineon_Wireless_Connectivity/pal/abstraction-rtos/source/COMPONENT_FREERTOS/cyabs_rtos_freertos.c:1088:11:cy_rtos_timer_init	48	static
C:/Users/Ganesh Thorat/Desktop/Demo8Oct2024/wifi_scan/Middlewares/Third_Party/Infineon_Wireless_Connectivity/pal/abstraction-rtos/source/COMPONENT_FREERTOS/cyabs_rtos_freertos.c:1131:11:cy_rtos_timer_start	48	static
C:/Users/Ganesh Thorat/Desktop/Demo8Oct2024/wifi_scan/Middlewares/Third_Party/Infineon_Wireless_Connectivity/pal/abstraction-rtos/source/COMPONENT_FREERTOS/cyabs_rtos_freertos.c:1164:11:cy_rtos_timer_stop	32	static
C:/Users/Ganesh Thorat/Desktop/Demo8Oct2024/wifi_scan/Middlewares/Third_Party/Infineon_Wireless_Connectivity/pal/abstraction-rtos/source/COMPONENT_FREERTOS/cyabs_rtos_freertos.c:1191:11:cy_rtos_timer_is_running	24	static
C:/Users/Ganesh Thorat/Desktop/Demo8Oct2024/wifi_scan/Middlewares/Third_Party/Infineon_Wireless_Connectivity/pal/abstraction-rtos/source/COMPONENT_FREERTOS/cyabs_rtos_freertos.c:1212:11:cy_rtos_timer_deinit	40	static
C:/Users/Ganesh Thorat/Desktop/Demo8Oct2024/wifi_scan/Middlewares/Third_Party/Infineon_Wireless_Connectivity/pal/abstraction-rtos/source/COMPONENT_FREERTOS/cyabs_rtos_freertos.c:1245:11:cy_rtos_time_get	24	static
C:/Users/Ganesh Thorat/Desktop/Demo8Oct2024/wifi_scan/Middlewares/Third_Party/Infineon_Wireless_Connectivity/pal/abstraction-rtos/source/COMPONENT_FREERTOS/cyabs_rtos_freertos.c:1264:11:cy_rtos_delay_milliseconds	16	static
