C:/Users/Ganesh Thorat/Desktop/Demo8Oct2024/wifi_scan/Middlewares/Third_Party/Infineon_Wireless_Connectivity/pal/targets/TARGET_STM32/Src/stm32_cyhal_gpio.c:163:11:cyhal_gpio_init	56	static
C:/Users/Ganesh Thorat/Desktop/Demo8Oct2024/wifi_scan/Middlewares/Third_Party/Infineon_Wireless_Connectivity/pal/targets/TARGET_STM32/Src/stm32_cyhal_gpio.c:292:6:cyhal_gpio_free	32	static
C:/Users/Ganesh Thorat/Desktop/Demo8Oct2024/wifi_scan/Middlewares/Third_Party/Infineon_Wireless_Connectivity/pal/targets/TARGET_STM32/Src/stm32_cyhal_gpio.c:322:6:cyhal_gpio_read	16	static
C:/Users/Ganesh Thorat/Desktop/Demo8Oct2024/wifi_scan/Middlewares/Third_Party/Infineon_Wireless_Connectivity/pal/targets/TARGET_STM32/Src/stm32_cyhal_gpio.c:331:6:cyhal_gpio_write	16	static
C:/Users/Ganesh Thorat/Desktop/Demo8Oct2024/wifi_scan/Middlewares/Third_Party/Infineon_Wireless_Connectivity/pal/targets/TARGET_STM32/Src/stm32_cyhal_gpio.c:341:6:cyhal_gpio_enable_event	56	static
C:/Users/Ganesh Thorat/Desktop/Demo8Oct2024/wifi_scan/Middlewares/Third_Party/Infineon_Wireless_Connectivity/pal/targets/TARGET_STM32/Src/stm32_cyhal_gpio.c:394:6:cyhal_gpio_register_callback	32	static
C:/Users/Ganesh Thorat/Desktop/Demo8Oct2024/wifi_scan/Middlewares/Third_Party/Infineon_Wireless_Connectivity/pal/targets/TARGET_STM32/Src/stm32_cyhal_gpio.c:424:6:stm32_cyhal_gpio_irq_handler	32	static
C:/Users/Ganesh Thorat/Desktop/Demo8Oct2024/wifi_scan/Middlewares/Third_Party/Infineon_Wireless_Connectivity/pal/targets/TARGET_STM32/Src/stm32_cyhal_gpio.c:451:25:_stm32_cyhal_gpio_get_configuration	64	static
C:/Users/Ganesh Thorat/Desktop/Demo8Oct2024/wifi_scan/Middlewares/Third_Party/Infineon_Wireless_Connectivity/pal/targets/TARGET_STM32/Src/stm32_cyhal_gpio.c:495:15:_stm32_cyhal_gpio_get_port	24	static
C:/Users/Ganesh Thorat/Desktop/Demo8Oct2024/wifi_scan/Middlewares/Third_Party/Infineon_Wireless_Connectivity/pal/targets/TARGET_STM32/Src/stm32_cyhal_gpio.c:529:6:_stm32_cyhal_gpio_enable_clock	64	static
C:/Users/Ganesh Thorat/Desktop/Demo8Oct2024/wifi_scan/Middlewares/Third_Party/Infineon_Wireless_Connectivity/pal/targets/TARGET_STM32/Src/stm32_cyhal_gpio.c:627:13:_stm32_cyhal_gpio_enable_irq	72	static
