C:/Users/Ganesh Thorat/Desktop/Demo8Oct2024/wifi_scan/Middlewares/Third_Party/Infineon_Wireless_Connectivity/pal/targets/TARGET_STM32/Src/stm32_cyhal_sdio.c:156:10:stm32_cypal_sdio_hw_init	16	static
C:/Users/Ganesh Thorat/Desktop/Demo8Oct2024/wifi_scan/Middlewares/Third_Party/Infineon_Wireless_Connectivity/pal/targets/TARGET_STM32/Src/stm32_cyhal_sdio.c:169:11:cyhal_sdio_init	40	static
C:/Users/Ganesh Thorat/Desktop/Demo8Oct2024/wifi_scan/Middlewares/Third_Party/Infineon_Wireless_Connectivity/pal/targets/TARGET_STM32/Src/stm32_cyhal_sdio.c:240:6:cyhal_sdio_free	16	static
C:/Users/Ganesh Thorat/Desktop/Demo8Oct2024/wifi_scan/Middlewares/Third_Party/Infineon_Wireless_Connectivity/pal/targets/TARGET_STM32/Src/stm32_cyhal_sdio.c:251:11:cyhal_sdio_configure	32	static
C:/Users/Ganesh Thorat/Desktop/Demo8Oct2024/wifi_scan/Middlewares/Third_Party/Infineon_Wireless_Connectivity/pal/targets/TARGET_STM32/Src/stm32_cyhal_sdio.c:298:11:cyhal_sdio_send_cmd	32	static
C:/Users/Ganesh Thorat/Desktop/Demo8Oct2024/wifi_scan/Middlewares/Third_Party/Infineon_Wireless_Connectivity/pal/targets/TARGET_STM32/Src/stm32_cyhal_sdio.c:361:11:cyhal_sdio_bulk_transfer	136	static,ignoring_inline_asm
C:/Users/Ganesh Thorat/Desktop/Demo8Oct2024/wifi_scan/Middlewares/Third_Party/Infineon_Wireless_Connectivity/pal/targets/TARGET_STM32/Src/stm32_cyhal_sdio.c:599:6:cyhal_sdio_register_callback	24	static
C:/Users/Ganesh Thorat/Desktop/Demo8Oct2024/wifi_scan/Middlewares/Third_Party/Infineon_Wireless_Connectivity/pal/targets/TARGET_STM32/Src/stm32_cyhal_sdio.c:615:6:cyhal_sdio_enable_event	24	static
C:/Users/Ganesh Thorat/Desktop/Demo8Oct2024/wifi_scan/Middlewares/Third_Party/Infineon_Wireless_Connectivity/pal/targets/TARGET_STM32/Src/stm32_cyhal_sdio.c:635:11:cyhal_sdio_set_io_voltage	24	static
C:/Users/Ganesh Thorat/Desktop/Demo8Oct2024/wifi_scan/Middlewares/Third_Party/Infineon_Wireless_Connectivity/pal/targets/TARGET_STM32/Src/stm32_cyhal_sdio.c:650:6:stm32_cyhal_sdio_irq_handler	16	static
C:/Users/Ganesh Thorat/Desktop/Demo8Oct2024/wifi_scan/Middlewares/Third_Party/Infineon_Wireless_Connectivity/pal/targets/TARGET_STM32/Src/stm32_cyhal_sdio.c:712:17:_stm32_safe_divide	24	static
C:/Users/Ganesh Thorat/Desktop/Demo8Oct2024/wifi_scan/Middlewares/Third_Party/Infineon_Wireless_Connectivity/pal/targets/TARGET_STM32/Src/stm32_cyhal_sdio.c:731:13:_stm32_sdio_enable_hw_block	48	static
C:/Users/Ganesh Thorat/Desktop/Demo8Oct2024/wifi_scan/Middlewares/Third_Party/Infineon_Wireless_Connectivity/pal/targets/TARGET_STM32/Src/stm32_cyhal_sdio.c:787:13:_stm32_sdio_disable_hw_block	16	static
C:/Users/Ganesh Thorat/Desktop/Demo8Oct2024/wifi_scan/Middlewares/Third_Party/Infineon_Wireless_Connectivity/pal/targets/TARGET_STM32/Src/stm32_cyhal_sdio.c:811:17:_stm32_sdio_find_optimal_block_size	16	static
C:/Users/Ganesh Thorat/Desktop/Demo8Oct2024/wifi_scan/Middlewares/Third_Party/Infineon_Wireless_Connectivity/pal/targets/TARGET_STM32/Src/stm32_cyhal_sdio.c:852:17:_stm32_sdio_convert_block_size	16	static
C:/Users/Ganesh Thorat/Desktop/Demo8Oct2024/wifi_scan/Middlewares/Third_Party/Infineon_Wireless_Connectivity/pal/targets/TARGET_STM32/Src/stm32_cyhal_sdio.c:911:13:_stm32_sdio_enable_irq	32	static
C:/Users/Ganesh Thorat/Desktop/Demo8Oct2024/wifi_scan/Middlewares/Third_Party/Infineon_Wireless_Connectivity/pal/targets/TARGET_STM32/Src/stm32_cyhal_sdio.c:949:17:_stm32_sdio_get_cmd_resp4	24	static
C:/Users/Ganesh Thorat/Desktop/Demo8Oct2024/wifi_scan/Middlewares/Third_Party/Infineon_Wireless_Connectivity/pal/targets/TARGET_STM32/Src/stm32_cyhal_sdio.c:985:17:_stm32_sdio_cmd_send_op_cond	40	static
C:/Users/Ganesh Thorat/Desktop/Demo8Oct2024/wifi_scan/Middlewares/Third_Party/Infineon_Wireless_Connectivity/pal/targets/TARGET_STM32/Src/stm32_cyhal_sdio.c:1007:17:_stm32_sdio_get_cmd_resp5	40	static
C:/Users/Ganesh Thorat/Desktop/Demo8Oct2024/wifi_scan/Middlewares/Third_Party/Infineon_Wireless_Connectivity/pal/targets/TARGET_STM32/Src/stm32_cyhal_sdio.c:1111:17:_stm32_sdio_cmd_rw_direct	48	static
C:/Users/Ganesh Thorat/Desktop/Demo8Oct2024/wifi_scan/Middlewares/Third_Party/Infineon_Wireless_Connectivity/pal/targets/TARGET_STM32/Src/stm32_cyhal_sdio.c:1133:17:_stm32_sdio_cmd_rw_extended	48	static
