C:/Users/Ganesh Thorat/Desktop/Demo8Oct2024/wifi_scan/Middlewares/Third_Party/Infineon_Wireless_Connectivity/connectivity-utilities/cy_log/cy_log.c:106:12:cy_log_output	16	static
C:/Users/Ganesh Thorat/Desktop/Demo8Oct2024/wifi_scan/Middlewares/Third_Party/Infineon_Wireless_Connectivity/connectivity-utilities/cy_log/cy_log.c:118:18:cy_log_get_time	16	static
C:/Users/Ganesh Thorat/Desktop/Demo8Oct2024/wifi_scan/Middlewares/Third_Party/Infineon_Wireless_Connectivity/connectivity-utilities/cy_log/cy_log.c:125:11:cy_log_init	32	static
C:/Users/Ganesh Thorat/Desktop/Demo8Oct2024/wifi_scan/Middlewares/Third_Party/Infineon_Wireless_Connectivity/connectivity-utilities/cy_log/cy_log.c:195:11:cy_log_shutdown	8	static
C:/Users/Ganesh Thorat/Desktop/Demo8Oct2024/wifi_scan/Middlewares/Third_Party/Infineon_Wireless_Connectivity/connectivity-utilities/cy_log/cy_log.c:209:11:cy_log_set_platform_output	16	static
C:/Users/Ganesh Thorat/Desktop/Demo8Oct2024/wifi_scan/Middlewares/Third_Party/Infineon_Wireless_Connectivity/connectivity-utilities/cy_log/cy_log.c:222:11:cy_log_set_platform_time	16	static
C:/Users/Ganesh Thorat/Desktop/Demo8Oct2024/wifi_scan/Middlewares/Third_Party/Infineon_Wireless_Connectivity/connectivity-utilities/cy_log/cy_log.c:234:11:cy_log_set_facility_level	16	static
C:/Users/Ganesh Thorat/Desktop/Demo8Oct2024/wifi_scan/Middlewares/Third_Party/Infineon_Wireless_Connectivity/connectivity-utilities/cy_log/cy_log.c:256:11:cy_log_set_all_levels	24	static
C:/Users/Ganesh Thorat/Desktop/Demo8Oct2024/wifi_scan/Middlewares/Third_Party/Infineon_Wireless_Connectivity/connectivity-utilities/cy_log/cy_log.c:279:16:cy_log_get_facility_level	24	static
C:/Users/Ganesh Thorat/Desktop/Demo8Oct2024/wifi_scan/Middlewares/Third_Party/Infineon_Wireless_Connectivity/connectivity-utilities/cy_log/cy_log.c:299:11:cy_log_msg	72	static
C:/Users/Ganesh Thorat/Desktop/Demo8Oct2024/wifi_scan/Middlewares/Third_Party/Infineon_Wireless_Connectivity/connectivity-utilities/cy_log/cy_log.c:382:11:cy_log_printf	16	static
C:/Users/Ganesh Thorat/Desktop/Demo8Oct2024/wifi_scan/Middlewares/Third_Party/Infineon_Wireless_Connectivity/connectivity-utilities/cy_log/cy_log.c:394:11:cy_log_vprintf	24	static
