C:/Users/Ganesh Thorat/Desktop/Demo8Oct2024/wifi_scan/Middlewares/Third_Party/Infineon_Wireless_Connectivity/connectivity-utilities/cy_string/cy_string_utils.c:90:20:cy_hexchar_to_nibble	16	static
C:/Users/Ganesh Thorat/Desktop/Demo8Oct2024/wifi_scan/Middlewares/Third_Party/Infineon_Wireless_Connectivity/connectivity-utilities/cy_string/cy_string_utils.c:110:16:cy_string_to_generic	32	static
C:/Users/Ganesh Thorat/Desktop/Demo8Oct2024/wifi_scan/Middlewares/Third_Party/Infineon_Wireless_Connectivity/connectivity-utilities/cy_string/cy_string_utils.c:162:10:cy_generic_string_to_unsigned	32	static
C:/Users/Ganesh Thorat/Desktop/Demo8Oct2024/wifi_scan/Middlewares/Third_Party/Infineon_Wireless_Connectivity/connectivity-utilities/cy_string/cy_string_utils.c:190:9:cy_string_to_signed	40	static
C:/Users/Ganesh Thorat/Desktop/Demo8Oct2024/wifi_scan/Middlewares/Third_Party/Infineon_Wireless_Connectivity/connectivity-utilities/cy_string/cy_string_utils.c:235:9:cy_string_to_unsigned	32	static
