C:/Users/Ganesh Thorat/Desktop/Demo8Oct2024/wifi_scan/Middlewares/Third_Party/Infineon_Wireless_Connectivity/lwip-network-interface-integration/source/cy_network_mw_core.c:288:6:cy_network_process_ethernet_data	32	static
C:/Users/Ganesh Thorat/Desktop/Demo8Oct2024/wifi_scan/Middlewares/Third_Party/Infineon_Wireless_Connectivity/lwip-network-interface-integration/source/cy_network_mw_core.c:346:21:pbuf_dup	24	static
C:/Users/Ganesh Thorat/Desktop/Demo8Oct2024/wifi_scan/Middlewares/Third_Party/Infineon_Wireless_Connectivity/lwip-network-interface-integration/source/cy_network_mw_core.c:364:14:wifioutput	24	static
C:/Users/Ganesh Thorat/Desktop/Demo8Oct2024/wifi_scan/Middlewares/Third_Party/Infineon_Wireless_Connectivity/lwip-network-interface-integration/source/cy_network_mw_core.c:402:14:igmp_filter	40	static
C:/Users/Ganesh Thorat/Desktop/Demo8Oct2024/wifi_scan/Middlewares/Third_Party/Infineon_Wireless_Connectivity/lwip-network-interface-integration/source/cy_network_mw_core.c:437:14:mld_mac_filter	48	static
C:/Users/Ganesh Thorat/Desktop/Demo8Oct2024/wifi_scan/Middlewares/Third_Party/Infineon_Wireless_Connectivity/lwip-network-interface-integration/source/cy_network_mw_core.c:489:14:wifiinit	40	static
C:/Users/Ganesh Thorat/Desktop/Demo8Oct2024/wifi_scan/Middlewares/Third_Party/Infineon_Wireless_Connectivity/lwip-network-interface-integration/source/cy_network_mw_core.c:723:11:cy_network_init	16	static
C:/Users/Ganesh Thorat/Desktop/Demo8Oct2024/wifi_scan/Middlewares/Third_Party/Infineon_Wireless_Connectivity/lwip-network-interface-integration/source/cy_network_mw_core.c:905:11:cy_network_deinit	4	static
C:/Users/Ganesh Thorat/Desktop/Demo8Oct2024/wifi_scan/Middlewares/Third_Party/Infineon_Wireless_Connectivity/lwip-network-interface-integration/source/cy_network_mw_core.c:954:11:cy_network_add_nw_interface	72	static
C:/Users/Ganesh Thorat/Desktop/Demo8Oct2024/wifi_scan/Middlewares/Third_Party/Infineon_Wireless_Connectivity/lwip-network-interface-integration/source/cy_network_mw_core.c:1174:7:cy_network_get_nw_interface	24	static
C:/Users/Ganesh Thorat/Desktop/Demo8Oct2024/wifi_scan/Middlewares/Third_Party/Infineon_Wireless_Connectivity/lwip-network-interface-integration/source/cy_network_mw_core.c:1199:11:cy_network_remove_nw_interface	24	static
C:/Users/Ganesh Thorat/Desktop/Demo8Oct2024/wifi_scan/Middlewares/Third_Party/Infineon_Wireless_Connectivity/lwip-network-interface-integration/source/cy_network_mw_core.c:1277:11:cy_network_ip_up	32	static
C:/Users/Ganesh Thorat/Desktop/Demo8Oct2024/wifi_scan/Middlewares/Third_Party/Infineon_Wireless_Connectivity/lwip-network-interface-integration/source/cy_network_mw_core.c:1515:11:cy_network_ip_down	24	static
C:/Users/Ganesh Thorat/Desktop/Demo8Oct2024/wifi_scan/Middlewares/Third_Party/Infineon_Wireless_Connectivity/lwip-network-interface-integration/source/cy_network_mw_core.c:1620:6:cy_network_register_ip_change_cb	24	static
C:/Users/Ganesh Thorat/Desktop/Demo8Oct2024/wifi_scan/Middlewares/Third_Party/Infineon_Wireless_Connectivity/lwip-network-interface-integration/source/cy_network_mw_core.c:1631:6:cy_network_activity_register_cb	16	static
C:/Users/Ganesh Thorat/Desktop/Demo8Oct2024/wifi_scan/Middlewares/Third_Party/Infineon_Wireless_Connectivity/lwip-network-interface-integration/source/cy_network_mw_core.c:1641:11:cy_network_activity_notify	16	static
C:/Users/Ganesh Thorat/Desktop/Demo8Oct2024/wifi_scan/Middlewares/Third_Party/Infineon_Wireless_Connectivity/lwip-network-interface-integration/source/cy_network_mw_core.c:1666:11:cy_network_get_ip_address	32	static
C:/Users/Ganesh Thorat/Desktop/Demo8Oct2024/wifi_scan/Middlewares/Third_Party/Infineon_Wireless_Connectivity/lwip-network-interface-integration/source/cy_network_mw_core.c:1705:11:cy_network_get_ipv6_address	32	static
C:/Users/Ganesh Thorat/Desktop/Demo8Oct2024/wifi_scan/Middlewares/Third_Party/Infineon_Wireless_Connectivity/lwip-network-interface-integration/source/cy_network_mw_core.c:1747:11:cy_network_get_gateway_ip_address	32	static
C:/Users/Ganesh Thorat/Desktop/Demo8Oct2024/wifi_scan/Middlewares/Third_Party/Infineon_Wireless_Connectivity/lwip-network-interface-integration/source/cy_network_mw_core.c:1786:11:cy_network_get_gateway_mac_address	64	static
C:/Users/Ganesh Thorat/Desktop/Demo8Oct2024/wifi_scan/Middlewares/Third_Party/Infineon_Wireless_Connectivity/lwip-network-interface-integration/source/cy_network_mw_core.c:1857:11:cy_network_get_netmask_address	32	static
C:/Users/Ganesh Thorat/Desktop/Demo8Oct2024/wifi_scan/Middlewares/Third_Party/Infineon_Wireless_Connectivity/lwip-network-interface-integration/source/cy_network_mw_core.c:1895:11:cy_network_dhcp_renew	24	static
C:/Users/Ganesh Thorat/Desktop/Demo8Oct2024/wifi_scan/Middlewares/Third_Party/Infineon_Wireless_Connectivity/lwip-network-interface-integration/source/cy_network_mw_core.c:1939:13:invalidate_all_arp_entries	16	static
C:/Users/Ganesh Thorat/Desktop/Demo8Oct2024/wifi_scan/Middlewares/Third_Party/Infineon_Wireless_Connectivity/lwip-network-interface-integration/source/cy_network_mw_core.c:1946:11:cy_network_ping	176	static
C:/Users/Ganesh Thorat/Desktop/Demo8Oct2024/wifi_scan/Middlewares/Third_Party/Infineon_Wireless_Connectivity/lwip-network-interface-integration/source/cy_network_mw_core.c:2080:11:cy_wifimwcore_eapol_register_receive_handler	16	static
C:/Users/Ganesh Thorat/Desktop/Demo8Oct2024/wifi_scan/Middlewares/Third_Party/Infineon_Wireless_Connectivity/lwip-network-interface-integration/source/cy_network_mw_core.c:2088:13:ping_prepare_echo	32	static
C:/Users/Ganesh Thorat/Desktop/Demo8Oct2024/wifi_scan/Middlewares/Third_Party/Infineon_Wireless_Connectivity/lwip-network-interface-integration/source/cy_network_mw_core.c:2108:14:ping_send	56	static
C:/Users/Ganesh Thorat/Desktop/Demo8Oct2024/wifi_scan/Middlewares/Third_Party/Infineon_Wireless_Connectivity/lwip-network-interface-integration/source/cy_network_mw_core.c:2134:14:ping_recv	136	static
C:/Users/Ganesh Thorat/Desktop/Demo8Oct2024/wifi_scan/Middlewares/Third_Party/Infineon_Wireless_Connectivity/lwip-network-interface-integration/source/cy_network_mw_core.c:2163:13:internal_ip_change_callback	32	static
C:/Users/Ganesh Thorat/Desktop/Demo8Oct2024/wifi_scan/Middlewares/Third_Party/Infineon_Wireless_Connectivity/lwip-network-interface-integration/source/cy_network_mw_core.c:2181:13:is_interface_added	16	static
C:/Users/Ganesh Thorat/Desktop/Demo8Oct2024/wifi_scan/Middlewares/Third_Party/Infineon_Wireless_Connectivity/lwip-network-interface-integration/source/cy_network_mw_core.c:2186:13:is_network_up	16	static
C:/Users/Ganesh Thorat/Desktop/Demo8Oct2024/wifi_scan/Middlewares/Third_Party/Infineon_Wireless_Connectivity/lwip-network-interface-integration/source/cy_network_mw_core.c:2191:18:is_interface_valid	16	static
