C:/Users/Ganesh Thorat/Desktop/Demo8Oct2024/wifi_scan/Middlewares/Third_Party/Infineon_Wireless_Connectivity/lwip-freertos-integration/arch/sys_arch.c:109:1:sys_init	4	static
C:/Users/Ganesh Thorat/Desktop/Demo8Oct2024/wifi_scan/Middlewares/Third_Party/Infineon_Wireless_Connectivity/lwip-freertos-integration/arch/sys_arch.c:125:1:sys_now	8	static
C:/Users/Ganesh Thorat/Desktop/Demo8Oct2024/wifi_scan/Middlewares/Third_Party/Infineon_Wireless_Connectivity/lwip-freertos-integration/arch/sys_arch.c:132:1:sys_jiffies	8	static
C:/Users/Ganesh Thorat/Desktop/Demo8Oct2024/wifi_scan/Middlewares/Third_Party/Infineon_Wireless_Connectivity/lwip-freertos-integration/arch/sys_arch.c:140:1:sys_arch_protect	8	static
C:/Users/Ganesh Thorat/Desktop/Demo8Oct2024/wifi_scan/Middlewares/Third_Party/Infineon_Wireless_Connectivity/lwip-freertos-integration/arch/sys_arch.c:165:1:sys_arch_unprotect	16	static
C:/Users/Ganesh Thorat/Desktop/Demo8Oct2024/wifi_scan/Middlewares/Third_Party/Infineon_Wireless_Connectivity/lwip-freertos-integration/arch/sys_arch.c:190:1:sys_arch_msleep	24	static
C:/Users/Ganesh Thorat/Desktop/Demo8Oct2024/wifi_scan/Middlewares/Third_Party/Infineon_Wireless_Connectivity/lwip-freertos-integration/arch/sys_arch.c:200:1:sys_mutex_new	16	static
C:/Users/Ganesh Thorat/Desktop/Demo8Oct2024/wifi_scan/Middlewares/Third_Party/Infineon_Wireless_Connectivity/lwip-freertos-integration/arch/sys_arch.c:214:1:sys_mutex_lock	24	static
C:/Users/Ganesh Thorat/Desktop/Demo8Oct2024/wifi_scan/Middlewares/Third_Party/Infineon_Wireless_Connectivity/lwip-freertos-integration/arch/sys_arch.c:225:1:sys_mutex_unlock	24	static
C:/Users/Ganesh Thorat/Desktop/Demo8Oct2024/wifi_scan/Middlewares/Third_Party/Infineon_Wireless_Connectivity/lwip-freertos-integration/arch/sys_arch.c:236:1:sys_mutex_free	16	static
C:/Users/Ganesh Thorat/Desktop/Demo8Oct2024/wifi_scan/Middlewares/Third_Party/Infineon_Wireless_Connectivity/lwip-freertos-integration/arch/sys_arch.c:249:1:sys_sem_new	24	static
C:/Users/Ganesh Thorat/Desktop/Demo8Oct2024/wifi_scan/Middlewares/Third_Party/Infineon_Wireless_Connectivity/lwip-freertos-integration/arch/sys_arch.c:270:1:sys_sem_signal	24	static
C:/Users/Ganesh Thorat/Desktop/Demo8Oct2024/wifi_scan/Middlewares/Third_Party/Infineon_Wireless_Connectivity/lwip-freertos-integration/arch/sys_arch.c:283:1:sys_arch_sem_wait	24	static
C:/Users/Ganesh Thorat/Desktop/Demo8Oct2024/wifi_scan/Middlewares/Third_Party/Infineon_Wireless_Connectivity/lwip-freertos-integration/arch/sys_arch.c:310:1:sys_sem_free	16	static
C:/Users/Ganesh Thorat/Desktop/Demo8Oct2024/wifi_scan/Middlewares/Third_Party/Infineon_Wireless_Connectivity/lwip-freertos-integration/arch/sys_arch.c:321:1:sys_mbox_new	16	static
C:/Users/Ganesh Thorat/Desktop/Demo8Oct2024/wifi_scan/Middlewares/Third_Party/Infineon_Wireless_Connectivity/lwip-freertos-integration/arch/sys_arch.c:341:1:sys_mbox_post	24	static
C:/Users/Ganesh Thorat/Desktop/Demo8Oct2024/wifi_scan/Middlewares/Third_Party/Infineon_Wireless_Connectivity/lwip-freertos-integration/arch/sys_arch.c:352:1:sys_mbox_trypost	24	static
C:/Users/Ganesh Thorat/Desktop/Demo8Oct2024/wifi_scan/Middlewares/Third_Party/Infineon_Wireless_Connectivity/lwip-freertos-integration/arch/sys_arch.c:369:1:sys_mbox_trypost_fromisr	24	static
C:/Users/Ganesh Thorat/Desktop/Demo8Oct2024/wifi_scan/Middlewares/Third_Party/Infineon_Wireless_Connectivity/lwip-freertos-integration/arch/sys_arch.c:390:1:sys_arch_mbox_fetch	40	static
C:/Users/Ganesh Thorat/Desktop/Demo8Oct2024/wifi_scan/Middlewares/Third_Party/Infineon_Wireless_Connectivity/lwip-freertos-integration/arch/sys_arch.c:423:1:sys_arch_mbox_tryfetch	24	static
C:/Users/Ganesh Thorat/Desktop/Demo8Oct2024/wifi_scan/Middlewares/Third_Party/Infineon_Wireless_Connectivity/lwip-freertos-integration/arch/sys_arch.c:448:1:sys_mbox_free	16	static
C:/Users/Ganesh Thorat/Desktop/Demo8Oct2024/wifi_scan/Middlewares/Third_Party/Infineon_Wireless_Connectivity/lwip-freertos-integration/arch/sys_arch.c:470:1:sys_thread_new	48	static
C:/Users/Ganesh Thorat/Desktop/Demo8Oct2024/wifi_scan/Middlewares/Third_Party/Infineon_Wireless_Connectivity/lwip-freertos-integration/arch/sys_arch.c:557:1:sys_lock_tcpip_core	8	static
C:/Users/Ganesh Thorat/Desktop/Demo8Oct2024/wifi_scan/Middlewares/Third_Party/Infineon_Wireless_Connectivity/lwip-freertos-integration/arch/sys_arch.c:567:1:sys_unlock_tcpip_core	8	static
C:/Users/Ganesh Thorat/Desktop/Demo8Oct2024/wifi_scan/Middlewares/Third_Party/Infineon_Wireless_Connectivity/lwip-freertos-integration/arch/sys_arch.c:583:1:sys_mark_tcpip_thread	8	static
C:/Users/Ganesh Thorat/Desktop/Demo8Oct2024/wifi_scan/Middlewares/Third_Party/Infineon_Wireless_Connectivity/lwip-freertos-integration/arch/sys_arch.c:591:1:sys_check_core_locking	16	static
