C:/Users/Ganesh Thorat/Desktop/Dev_Gane/wifi/Projects/NUCLEO-H745ZI-Q/Applications/wifi_scan/CM4/Core/Src/main.c:89:5:main	2
C:/Users/Ganesh Thorat/Desktop/Dev_Gane/wifi/Projects/NUCLEO-H745ZI-Q/Applications/wifi_scan/CM4/Core/Src/main.c:144:6:MX_ETH_Init	2
C:/Users/Ganesh Thorat/Desktop/Dev_Gane/wifi/Projects/NUCLEO-H745ZI-Q/Applications/wifi_scan/CM4/Core/Src/main.c:193:6:MX_USART3_UART_Init	5
C:/Users/Ganesh Thorat/Desktop/Dev_Gane/wifi/Projects/NUCLEO-H745ZI-Q/Applications/wifi_scan/CM4/Core/Src/main.c:244:6:Error_Handler	1
