C:/Users/Ganesh Thorat/Desktop/Demo8Oct2024/wifi_scan/Middlewares/Third_Party/Infineon_Wireless_Connectivity/LwIP/src/core/ipv6/ip6.c:86:1:ip6_route	24	static
C:/Users/Ganesh Thorat/Desktop/Demo8Oct2024/wifi_scan/Middlewares/Third_Party/Infineon_Wireless_Connectivity/LwIP/src/core/ipv6/ip6.c:283:1:ip6_select_source_address	40	static
C:/Users/Ganesh Thorat/Desktop/Demo8Oct2024/wifi_scan/Middlewares/Third_Party/Infineon_Wireless_Connectivity/LwIP/src/core/ipv6/ip6.c:469:1:ip6_input_accept	24	static
C:/Users/Ganesh Thorat/Desktop/Demo8Oct2024/wifi_scan/Middlewares/Third_Party/Infineon_Wireless_Connectivity/LwIP/src/core/ipv6/ip6.c:509:1:ip6_input	88	static
C:/Users/Ganesh Thorat/Desktop/Demo8Oct2024/wifi_scan/Middlewares/Third_Party/Infineon_Wireless_Connectivity/LwIP/src/core/ipv6/ip6.c:1149:1:ip6_output_if	48	static
C:/Users/Ganesh Thorat/Desktop/Demo8Oct2024/wifi_scan/Middlewares/Third_Party/Infineon_Wireless_Connectivity/LwIP/src/core/ipv6/ip6.c:1173:1:ip6_output_if_src	56	static
C:/Users/Ganesh Thorat/Desktop/Demo8Oct2024/wifi_scan/Middlewares/Third_Party/Infineon_Wireless_Connectivity/LwIP/src/core/ipv6/ip6.c:1291:1:ip6_output	88	static
C:/Users/Ganesh Thorat/Desktop/Demo8Oct2024/wifi_scan/Middlewares/Third_Party/Infineon_Wireless_Connectivity/LwIP/src/core/ipv6/ip6.c:1403:1:ip6_options_add_hbh_ra	40	static
