C:/Users/Ganesh Thorat/Desktop/Demo8Oct2024/wifi_scan/Middlewares/Third_Party/Infineon_Wireless_Connectivity/LwIP/src/core/ipv6/nd6.c:147:1:nd6_duplicate_addr_detected	24	static
C:/Users/Ganesh Thorat/Desktop/Demo8Oct2024/wifi_scan/Middlewares/Third_Party/Infineon_Wireless_Connectivity/LwIP/src/core/ipv6/nd6.c:186:1:nd6_process_autoconfig_prefix	64	static
C:/Users/Ganesh Thorat/Desktop/Demo8Oct2024/wifi_scan/Middlewares/Third_Party/Infineon_Wireless_Connectivity/LwIP/src/core/ipv6/nd6.c:287:1:nd6_input	232	static
C:/Users/Ganesh Thorat/Desktop/Demo8Oct2024/wifi_scan/Middlewares/Third_Party/Infineon_Wireless_Connectivity/LwIP/src/core/ipv6/nd6.c:959:1:nd6_tmr	24	static
C:/Users/Ganesh Thorat/Desktop/Demo8Oct2024/wifi_scan/Middlewares/Third_Party/Infineon_Wireless_Connectivity/LwIP/src/core/ipv6/nd6.c:1168:1:nd6_send_neighbor_cache_probe	16	static
C:/Users/Ganesh Thorat/Desktop/Demo8Oct2024/wifi_scan/Middlewares/Third_Party/Infineon_Wireless_Connectivity/LwIP/src/core/ipv6/nd6.c:1181:1:nd6_send_ns	64	static
C:/Users/Ganesh Thorat/Desktop/Demo8Oct2024/wifi_scan/Middlewares/Third_Party/Infineon_Wireless_Connectivity/LwIP/src/core/ipv6/nd6.c:1254:1:nd6_send_na	64	static
C:/Users/Ganesh Thorat/Desktop/Demo8Oct2024/wifi_scan/Middlewares/Third_Party/Infineon_Wireless_Connectivity/LwIP/src/core/ipv6/nd6.c:1329:1:nd6_send_rs	56	static
C:/Users/Ganesh Thorat/Desktop/Demo8Oct2024/wifi_scan/Middlewares/Third_Party/Infineon_Wireless_Connectivity/LwIP/src/core/ipv6/nd6.c:1401:1:nd6_find_neighbor_cache_entry	24	static
C:/Users/Ganesh Thorat/Desktop/Demo8Oct2024/wifi_scan/Middlewares/Third_Party/Infineon_Wireless_Connectivity/LwIP/src/core/ipv6/nd6.c:1422:1:nd6_new_neighbor_cache_entry	16	static
C:/Users/Ganesh Thorat/Desktop/Demo8Oct2024/wifi_scan/Middlewares/Third_Party/Infineon_Wireless_Connectivity/LwIP/src/core/ipv6/nd6.c:1529:1:nd6_free_neighbor_cache_entry	16	static
C:/Users/Ganesh Thorat/Desktop/Demo8Oct2024/wifi_scan/Middlewares/Third_Party/Infineon_Wireless_Connectivity/LwIP/src/core/ipv6/nd6.c:1560:1:nd6_find_destination_cache_entry	24	static
C:/Users/Ganesh Thorat/Desktop/Demo8Oct2024/wifi_scan/Middlewares/Third_Party/Infineon_Wireless_Connectivity/LwIP/src/core/ipv6/nd6.c:1582:1:nd6_new_destination_cache_entry	16	static
C:/Users/Ganesh Thorat/Desktop/Demo8Oct2024/wifi_scan/Middlewares/Third_Party/Infineon_Wireless_Connectivity/LwIP/src/core/ipv6/nd6.c:1613:1:nd6_clear_destination_cache	16	static
C:/Users/Ganesh Thorat/Desktop/Demo8Oct2024/wifi_scan/Middlewares/Third_Party/Infineon_Wireless_Connectivity/LwIP/src/core/ipv6/nd6.c:1630:1:nd6_is_prefix_in_netif	24	static
C:/Users/Ganesh Thorat/Desktop/Demo8Oct2024/wifi_scan/Middlewares/Third_Party/Infineon_Wireless_Connectivity/LwIP/src/core/ipv6/nd6.c:1670:1:nd6_select_router	24	static
C:/Users/Ganesh Thorat/Desktop/Demo8Oct2024/wifi_scan/Middlewares/Third_Party/Infineon_Wireless_Connectivity/LwIP/src/core/ipv6/nd6.c:1742:1:nd6_find_route	24	static
C:/Users/Ganesh Thorat/Desktop/Demo8Oct2024/wifi_scan/Middlewares/Third_Party/Infineon_Wireless_Connectivity/LwIP/src/core/ipv6/nd6.c:1778:1:nd6_get_router	24	static
C:/Users/Ganesh Thorat/Desktop/Demo8Oct2024/wifi_scan/Middlewares/Third_Party/Infineon_Wireless_Connectivity/LwIP/src/core/ipv6/nd6.c:1805:1:nd6_new_router	24	static
C:/Users/Ganesh Thorat/Desktop/Demo8Oct2024/wifi_scan/Middlewares/Third_Party/Infineon_Wireless_Connectivity/LwIP/src/core/ipv6/nd6.c:1868:1:nd6_get_onlink_prefix	24	static
C:/Users/Ganesh Thorat/Desktop/Demo8Oct2024/wifi_scan/Middlewares/Third_Party/Infineon_Wireless_Connectivity/LwIP/src/core/ipv6/nd6.c:1892:1:nd6_new_onlink_prefix	24	static
C:/Users/Ganesh Thorat/Desktop/Demo8Oct2024/wifi_scan/Middlewares/Third_Party/Infineon_Wireless_Connectivity/LwIP/src/core/ipv6/nd6.c:1924:1:nd6_get_next_hop_entry	24	static
C:/Users/Ganesh Thorat/Desktop/Demo8Oct2024/wifi_scan/Middlewares/Third_Party/Infineon_Wireless_Connectivity/LwIP/src/core/ipv6/nd6.c:2051:1:nd6_queue_packet	40	static
C:/Users/Ganesh Thorat/Desktop/Demo8Oct2024/wifi_scan/Middlewares/Third_Party/Infineon_Wireless_Connectivity/LwIP/src/core/ipv6/nd6.c:2155:1:nd6_free_q	24	static
C:/Users/Ganesh Thorat/Desktop/Demo8Oct2024/wifi_scan/Middlewares/Third_Party/Infineon_Wireless_Connectivity/LwIP/src/core/ipv6/nd6.c:2176:1:nd6_send_q	48	static
C:/Users/Ganesh Thorat/Desktop/Demo8Oct2024/wifi_scan/Middlewares/Third_Party/Infineon_Wireless_Connectivity/LwIP/src/core/ipv6/nd6.c:2247:1:nd6_get_next_hop_addr_or_queue	32	static
C:/Users/Ganesh Thorat/Desktop/Demo8Oct2024/wifi_scan/Middlewares/Third_Party/Infineon_Wireless_Connectivity/LwIP/src/core/ipv6/nd6.c:2288:1:nd6_get_destination_mtu	24	static
C:/Users/Ganesh Thorat/Desktop/Demo8Oct2024/wifi_scan/Middlewares/Third_Party/Infineon_Wireless_Connectivity/LwIP/src/core/ipv6/nd6.c:2318:1:nd6_reachability_hint	24	static
C:/Users/Ganesh Thorat/Desktop/Demo8Oct2024/wifi_scan/Middlewares/Third_Party/Infineon_Wireless_Connectivity/LwIP/src/core/ipv6/nd6.c:2362:1:nd6_cleanup_netif	24	static
C:/Users/Ganesh Thorat/Desktop/Demo8Oct2024/wifi_scan/Middlewares/Third_Party/Infineon_Wireless_Connectivity/LwIP/src/core/ipv6/nd6.c:2399:1:nd6_adjust_mld_membership	24	static
C:/Users/Ganesh Thorat/Desktop/Demo8Oct2024/wifi_scan/Middlewares/Third_Party/Infineon_Wireless_Connectivity/LwIP/src/core/ipv6/nd6.c:2426:1:nd6_restart_netif	16	static
