C:/Users/Ganesh Thorat/Desktop/Demo8Oct2024/wifi_scan/Middlewares/Third_Party/Infineon_Wireless_Connectivity/wifi-host-driver/COMPONENT_WIFI5/src/whd_sdpcm.c:232:14:whd_sdpcm_init	24	static
C:/Users/Ganesh Thorat/Desktop/Demo8Oct2024/wifi_scan/Middlewares/Third_Party/Infineon_Wireless_Connectivity/wifi-host-driver/COMPONENT_WIFI5/src/whd_sdpcm.c:263:6:whd_sdpcm_bus_vars_init	24	static
C:/Users/Ganesh Thorat/Desktop/Demo8Oct2024/wifi_scan/Middlewares/Third_Party/Infineon_Wireless_Connectivity/wifi-host-driver/COMPONENT_WIFI5/src/whd_sdpcm.c:277:6:whd_sdpcm_quit	32	static
C:/Users/Ganesh Thorat/Desktop/Demo8Oct2024/wifi_scan/Middlewares/Third_Party/Infineon_Wireless_Connectivity/wifi-host-driver/COMPONENT_WIFI5/src/whd_sdpcm.c:302:6:whd_sdpcm_update_credit	32	static
C:/Users/Ganesh Thorat/Desktop/Demo8Oct2024/wifi_scan/Middlewares/Third_Party/Infineon_Wireless_Connectivity/wifi-host-driver/COMPONENT_WIFI5/src/whd_sdpcm.c:334:6:whd_sdpcm_process_rx_packet	40	static
C:/Users/Ganesh Thorat/Desktop/Demo8Oct2024/wifi_scan/Middlewares/Third_Party/Infineon_Wireless_Connectivity/wifi-host-driver/COMPONENT_WIFI5/src/whd_sdpcm.c:466:12:whd_sdpcm_has_tx_packet	16	static
C:/Users/Ganesh Thorat/Desktop/Demo8Oct2024/wifi_scan/Middlewares/Third_Party/Infineon_Wireless_Connectivity/wifi-host-driver/COMPONENT_WIFI5/src/whd_sdpcm.c:476:14:whd_sdpcm_get_packet_to_send	56	static
C:/Users/Ganesh Thorat/Desktop/Demo8Oct2024/wifi_scan/Middlewares/Third_Party/Infineon_Wireless_Connectivity/wifi-host-driver/COMPONENT_WIFI5/src/whd_sdpcm.c:556:9:whd_sdpcm_get_available_credits	24	static
C:/Users/Ganesh Thorat/Desktop/Demo8Oct2024/wifi_scan/Middlewares/Third_Party/Infineon_Wireless_Connectivity/wifi-host-driver/COMPONENT_WIFI5/src/whd_sdpcm.c:579:14:whd_send_to_bus	72	static
C:/Users/Ganesh Thorat/Desktop/Demo8Oct2024/wifi_scan/Middlewares/Third_Party/Infineon_Wireless_Connectivity/wifi-host-driver/COMPONENT_WIFI5/src/whd_sdpcm.c:679:21:whd_sdpcm_get_next_buffer_in_queue	24	static
C:/Users/Ganesh Thorat/Desktop/Demo8Oct2024/wifi_scan/Middlewares/Third_Party/Infineon_Wireless_Connectivity/wifi-host-driver/COMPONENT_WIFI5/src/whd_sdpcm.c:694:13:whd_sdpcm_set_next_buffer_in_queue	32	static
