../../../Middlewares/Third_Party/Infineon_Wireless_Connectivity/wifi-host-driver/COMPONENT_WIFI5/src/include/whd_proto.h:59:21:whd_proto_get_iovar_buffer	32	static
../../../Middlewares/Third_Party/Infineon_Wireless_Connectivity/wifi-host-driver/COMPONENT_WIFI5/src/include/whd_proto.h:77:28:whd_proto_set_iovar	24	static
C:/Users/Ganesh Thorat/Desktop/Demo8Oct2024/wifi_scan/Middlewares/Third_Party/Infineon_Wireless_Connectivity/wifi-host-driver/COMPONENT_WIFI5/src/whd_events.c:61:16:whd_find_number_of_events	24	static
C:/Users/Ganesh Thorat/Desktop/Demo8Oct2024/wifi_scan/Middlewares/Third_Party/Infineon_Wireless_Connectivity/wifi-host-driver/COMPONENT_WIFI5/src/whd_events.c:100:14:whd_management_set_event_handler_locally	40	static
C:/Users/Ganesh Thorat/Desktop/Demo8Oct2024/wifi_scan/Middlewares/Third_Party/Infineon_Wireless_Connectivity/wifi-host-driver/COMPONENT_WIFI5/src/whd_events.c:191:14:whd_set_error_handler_locally	56	static
C:/Users/Ganesh Thorat/Desktop/Demo8Oct2024/wifi_scan/Middlewares/Third_Party/Infineon_Wireless_Connectivity/wifi-host-driver/COMPONENT_WIFI5/src/whd_events.c:255:17:whd_management_alloc_event_msgs_buffer	56	static
C:/Users/Ganesh Thorat/Desktop/Demo8Oct2024/wifi_scan/Middlewares/Third_Party/Infineon_Wireless_Connectivity/wifi-host-driver/COMPONENT_WIFI5/src/whd_events.c:348:14:whd_management_set_event_handler	80	static
C:/Users/Ganesh Thorat/Desktop/Demo8Oct2024/wifi_scan/Middlewares/Third_Party/Infineon_Wireless_Connectivity/wifi-host-driver/COMPONENT_WIFI5/src/whd_events.c:443:14:whd_wifi_set_event_handler	80	static
C:/Users/Ganesh Thorat/Desktop/Demo8Oct2024/wifi_scan/Middlewares/Third_Party/Infineon_Wireless_Connectivity/wifi-host-driver/COMPONENT_WIFI5/src/whd_events.c:558:14:whd_wifi_set_error_handler	48	static
C:/Users/Ganesh Thorat/Desktop/Demo8Oct2024/wifi_scan/Middlewares/Third_Party/Infineon_Wireless_Connectivity/wifi-host-driver/COMPONENT_WIFI5/src/whd_events.c:597:14:whd_wifi_deregister_event_handler	24	static
C:/Users/Ganesh Thorat/Desktop/Demo8Oct2024/wifi_scan/Middlewares/Third_Party/Infineon_Wireless_Connectivity/wifi-host-driver/COMPONENT_WIFI5/src/whd_events.c:628:14:whd_wifi_deregister_error_handler	24	static
