C:/Users/Ganesh Thorat/Desktop/Demo8Oct2024/wifi_scan/Middlewares/Third_Party/Infineon_Wireless_Connectivity/wifi-host-driver/COMPONENT_WIFI5/src/bus_protocols/whd_bus_sdio_protocol.c:149:14:whd_bus_sdio_attach	40	static
C:/Users/Ganesh Thorat/Desktop/Demo8Oct2024/wifi_scan/Middlewares/Third_Party/Infineon_Wireless_Connectivity/wifi-host-driver/COMPONENT_WIFI5/src/bus_protocols/whd_bus_sdio_protocol.c:227:6:whd_bus_sdio_detach	16	static
C:/Users/Ganesh Thorat/Desktop/Demo8Oct2024/wifi_scan/Middlewares/Third_Party/Infineon_Wireless_Connectivity/wifi-host-driver/COMPONENT_WIFI5/src/bus_protocols/whd_bus_sdio_protocol.c:241:14:whd_bus_sdio_ack_interrupt	16	static
C:/Users/Ganesh Thorat/Desktop/Demo8Oct2024/wifi_scan/Middlewares/Third_Party/Infineon_Wireless_Connectivity/wifi-host-driver/COMPONENT_WIFI5/src/bus_protocols/whd_bus_sdio_protocol.c:246:14:whd_bus_sdio_wait_for_wlan_event	32	static
C:/Users/Ganesh Thorat/Desktop/Demo8Oct2024/wifi_scan/Middlewares/Third_Party/Infineon_Wireless_Connectivity/wifi-host-driver/COMPONENT_WIFI5/src/bus_protocols/whd_bus_sdio_protocol.c:291:14:whd_bus_sdio_send_buffer	48	static
C:/Users/Ganesh Thorat/Desktop/Demo8Oct2024/wifi_scan/Middlewares/Third_Party/Infineon_Wireless_Connectivity/wifi-host-driver/COMPONENT_WIFI5/src/bus_protocols/whd_bus_sdio_protocol.c:311:14:whd_bus_sdio_init	200	static
C:/Users/Ganesh Thorat/Desktop/Demo8Oct2024/wifi_scan/Middlewares/Third_Party/Infineon_Wireless_Connectivity/wifi-host-driver/COMPONENT_WIFI5/src/bus_protocols/whd_bus_sdio_protocol.c:608:14:whd_bus_sdio_deinit	24	static
C:/Users/Ganesh Thorat/Desktop/Demo8Oct2024/wifi_scan/Middlewares/Third_Party/Infineon_Wireless_Connectivity/wifi-host-driver/COMPONENT_WIFI5/src/bus_protocols/whd_bus_sdio_protocol.c:632:12:whd_bus_sdio_wake_interrupt_present	24	static
C:/Users/Ganesh Thorat/Desktop/Demo8Oct2024/wifi_scan/Middlewares/Third_Party/Infineon_Wireless_Connectivity/wifi-host-driver/COMPONENT_WIFI5/src/bus_protocols/whd_bus_sdio_protocol.c:669:10:whd_bus_sdio_packet_available_to_read	48	static
C:/Users/Ganesh Thorat/Desktop/Demo8Oct2024/wifi_scan/Middlewares/Third_Party/Infineon_Wireless_Connectivity/wifi-host-driver/COMPONENT_WIFI5/src/bus_protocols/whd_bus_sdio_protocol.c:790:14:whd_bus_sdio_read_frame	80	static
C:/Users/Ganesh Thorat/Desktop/Demo8Oct2024/wifi_scan/Middlewares/Third_Party/Infineon_Wireless_Connectivity/wifi-host-driver/COMPONENT_WIFI5/src/bus_protocols/whd_bus_sdio_protocol.c:903:14:whd_bus_sdio_write_backplane_value	48	static
C:/Users/Ganesh Thorat/Desktop/Demo8Oct2024/wifi_scan/Middlewares/Third_Party/Infineon_Wireless_Connectivity/wifi-host-driver/COMPONENT_WIFI5/src/bus_protocols/whd_bus_sdio_protocol.c:919:14:whd_bus_sdio_read_backplane_value	48	static
C:/Users/Ganesh Thorat/Desktop/Demo8Oct2024/wifi_scan/Middlewares/Third_Party/Infineon_Wireless_Connectivity/wifi-host-driver/COMPONENT_WIFI5/src/bus_protocols/whd_bus_sdio_protocol.c:936:14:whd_bus_sdio_write_register_value	40	static
C:/Users/Ganesh Thorat/Desktop/Demo8Oct2024/wifi_scan/Middlewares/Third_Party/Infineon_Wireless_Connectivity/wifi-host-driver/COMPONENT_WIFI5/src/bus_protocols/whd_bus_sdio_protocol.c:943:14:whd_bus_sdio_transfer_bytes	40	static
C:/Users/Ganesh Thorat/Desktop/Demo8Oct2024/wifi_scan/Middlewares/Third_Party/Infineon_Wireless_Connectivity/wifi-host-driver/COMPONENT_WIFI5/src/bus_protocols/whd_bus_sdio_protocol.c:957:21:whd_bus_sdio_transfer	56	static
C:/Users/Ganesh Thorat/Desktop/Demo8Oct2024/wifi_scan/Middlewares/Third_Party/Infineon_Wireless_Connectivity/wifi-host-driver/COMPONENT_WIFI5/src/bus_protocols/whd_bus_sdio_protocol.c:1008:21:whd_bus_sdio_cmd52	48	static
C:/Users/Ganesh Thorat/Desktop/Demo8Oct2024/wifi_scan/Middlewares/Third_Party/Infineon_Wireless_Connectivity/wifi-host-driver/COMPONENT_WIFI5/src/bus_protocols/whd_bus_sdio_protocol.c:1042:21:whd_bus_sdio_cmd53	40	static
C:/Users/Ganesh Thorat/Desktop/Demo8Oct2024/wifi_scan/Middlewares/Third_Party/Infineon_Wireless_Connectivity/wifi-host-driver/COMPONENT_WIFI5/src/bus_protocols/whd_bus_sdio_protocol.c:1112:21:whd_bus_sdio_download_firmware	88	static
C:/Users/Ganesh Thorat/Desktop/Demo8Oct2024/wifi_scan/Middlewares/Third_Party/Infineon_Wireless_Connectivity/wifi-host-driver/COMPONENT_WIFI5/src/bus_protocols/whd_bus_sdio_protocol.c:1255:21:whd_bus_sdio_abort_read	40	static
C:/Users/Ganesh Thorat/Desktop/Demo8Oct2024/wifi_scan/Middlewares/Third_Party/Infineon_Wireless_Connectivity/wifi-host-driver/COMPONENT_WIFI5/src/bus_protocols/whd_bus_sdio_protocol.c:1277:14:whd_bus_sdio_read_register_value	40	static
C:/Users/Ganesh Thorat/Desktop/Demo8Oct2024/wifi_scan/Middlewares/Third_Party/Infineon_Wireless_Connectivity/wifi-host-driver/COMPONENT_WIFI5/src/bus_protocols/whd_bus_sdio_protocol.c:1284:14:whd_bus_sdio_poke_wlan	16	static
C:/Users/Ganesh Thorat/Desktop/Demo8Oct2024/wifi_scan/Middlewares/Third_Party/Infineon_Wireless_Connectivity/wifi-host-driver/COMPONENT_WIFI5/src/bus_protocols/whd_bus_sdio_protocol.c:1289:14:whd_bus_sdio_wakeup	16	static
C:/Users/Ganesh Thorat/Desktop/Demo8Oct2024/wifi_scan/Middlewares/Third_Party/Infineon_Wireless_Connectivity/wifi-host-driver/COMPONENT_WIFI5/src/bus_protocols/whd_bus_sdio_protocol.c:1294:14:whd_bus_sdio_sleep	16	static
C:/Users/Ganesh Thorat/Desktop/Demo8Oct2024/wifi_scan/Middlewares/Third_Party/Infineon_Wireless_Connectivity/wifi-host-driver/COMPONENT_WIFI5/src/bus_protocols/whd_bus_sdio_protocol.c:1299:21:whd_bus_sdio_set_oob_interrupt	40	static
C:/Users/Ganesh Thorat/Desktop/Demo8Oct2024/wifi_scan/Middlewares/Third_Party/Infineon_Wireless_Connectivity/wifi-host-driver/COMPONENT_WIFI5/src/bus_protocols/whd_bus_sdio_protocol.c:1321:6:whd_bus_sdio_init_stats	16	static
C:/Users/Ganesh Thorat/Desktop/Demo8Oct2024/wifi_scan/Middlewares/Third_Party/Infineon_Wireless_Connectivity/wifi-host-driver/COMPONENT_WIFI5/src/bus_protocols/whd_bus_sdio_protocol.c:1326:14:whd_bus_sdio_print_stats	80	static
C:/Users/Ganesh Thorat/Desktop/Demo8Oct2024/wifi_scan/Middlewares/Third_Party/Infineon_Wireless_Connectivity/wifi-host-driver/COMPONENT_WIFI5/src/bus_protocols/whd_bus_sdio_protocol.c:1363:14:whd_bus_sdio_reinit_stats	136	static
C:/Users/Ganesh Thorat/Desktop/Demo8Oct2024/wifi_scan/Middlewares/Third_Party/Infineon_Wireless_Connectivity/wifi-host-driver/COMPONENT_WIFI5/src/bus_protocols/whd_bus_sdio_protocol.c:1578:9:whd_bus_sdio_backplane_read_padd_size	16	static
C:/Users/Ganesh Thorat/Desktop/Demo8Oct2024/wifi_scan/Middlewares/Third_Party/Infineon_Wireless_Connectivity/wifi-host-driver/COMPONENT_WIFI5/src/bus_protocols/whd_bus_sdio_protocol.c:1583:12:whd_bus_sdio_use_status_report_scheme	16	static
C:/Users/Ganesh Thorat/Desktop/Demo8Oct2024/wifi_scan/Middlewares/Third_Party/Infineon_Wireless_Connectivity/wifi-host-driver/COMPONENT_WIFI5/src/bus_protocols/whd_bus_sdio_protocol.c:1588:10:whd_bus_sdio_get_max_transfer_size	16	static
C:/Users/Ganesh Thorat/Desktop/Demo8Oct2024/wifi_scan/Middlewares/Third_Party/Infineon_Wireless_Connectivity/wifi-host-driver/COMPONENT_WIFI5/src/bus_protocols/whd_bus_sdio_protocol.c:1594:13:whd_bus_sdio_irq_handler	24	static
C:/Users/Ganesh Thorat/Desktop/Demo8Oct2024/wifi_scan/Middlewares/Third_Party/Infineon_Wireless_Connectivity/wifi-host-driver/COMPONENT_WIFI5/src/bus_protocols/whd_bus_sdio_protocol.c:1615:14:whd_bus_sdio_irq_register	16	static
C:/Users/Ganesh Thorat/Desktop/Demo8Oct2024/wifi_scan/Middlewares/Third_Party/Infineon_Wireless_Connectivity/wifi-host-driver/COMPONENT_WIFI5/src/bus_protocols/whd_bus_sdio_protocol.c:1625:14:whd_bus_sdio_irq_enable	16	static
C:/Users/Ganesh Thorat/Desktop/Demo8Oct2024/wifi_scan/Middlewares/Third_Party/Infineon_Wireless_Connectivity/wifi-host-driver/COMPONENT_WIFI5/src/bus_protocols/whd_bus_sdio_protocol.c:1637:13:whd_bus_sdio_oob_irq_handler	32	static
C:/Users/Ganesh Thorat/Desktop/Demo8Oct2024/wifi_scan/Middlewares/Third_Party/Infineon_Wireless_Connectivity/wifi-host-driver/COMPONENT_WIFI5/src/bus_protocols/whd_bus_sdio_protocol.c:1664:21:whd_bus_sdio_register_oob_intr	24	static
C:/Users/Ganesh Thorat/Desktop/Demo8Oct2024/wifi_scan/Middlewares/Third_Party/Infineon_Wireless_Connectivity/wifi-host-driver/COMPONENT_WIFI5/src/bus_protocols/whd_bus_sdio_protocol.c:1682:21:whd_bus_sdio_unregister_oob_intr	24	static
C:/Users/Ganesh Thorat/Desktop/Demo8Oct2024/wifi_scan/Middlewares/Third_Party/Infineon_Wireless_Connectivity/wifi-host-driver/COMPONENT_WIFI5/src/bus_protocols/whd_bus_sdio_protocol.c:1695:21:whd_bus_sdio_enable_oob_intr	24	static
C:/Users/Ganesh Thorat/Desktop/Demo8Oct2024/wifi_scan/Middlewares/Third_Party/Infineon_Wireless_Connectivity/wifi-host-driver/COMPONENT_WIFI5/src/bus_protocols/whd_bus_sdio_protocol.c:1712:21:whd_bus_sdio_init_oob_intr	48	static
C:/Users/Ganesh Thorat/Desktop/Demo8Oct2024/wifi_scan/Middlewares/Third_Party/Infineon_Wireless_Connectivity/wifi-host-driver/COMPONENT_WIFI5/src/bus_protocols/whd_bus_sdio_protocol.c:1747:21:whd_bus_sdio_deinit_oob_intr	32	static
C:/Users/Ganesh Thorat/Desktop/Demo8Oct2024/wifi_scan/Middlewares/Third_Party/Infineon_Wireless_Connectivity/wifi-host-driver/COMPONENT_WIFI5/src/bus_protocols/whd_bus_sdio_protocol.c:1979:21:whd_bus_sdio_download_resource	64	static
C:/Users/Ganesh Thorat/Desktop/Demo8Oct2024/wifi_scan/Middlewares/Third_Party/Infineon_Wireless_Connectivity/wifi-host-driver/COMPONENT_WIFI5/src/bus_protocols/whd_bus_sdio_protocol.c:2103:21:whd_bus_sdio_write_wifi_nvram_image	48	static
C:/Users/Ganesh Thorat/Desktop/Demo8Oct2024/wifi_scan/Middlewares/Third_Party/Infineon_Wireless_Connectivity/wifi-host-driver/COMPONENT_WIFI5/src/bus_protocols/whd_bus_sdio_protocol.c:2151:14:whd_bus_sdio_set_backplane_window	56	static
C:/Users/Ganesh Thorat/Desktop/Demo8Oct2024/wifi_scan/Middlewares/Third_Party/Infineon_Wireless_Connectivity/wifi-host-driver/COMPONENT_WIFI5/src/bus_protocols/whd_bus_sdio_protocol.c:2217:14:whd_wlan_reset_sdio	16	static
