C:/Users/Ganesh Thorat/Desktop/Demo8Oct2024/wifi_scan/Middlewares/Third_Party/Infineon_Wireless_Connectivity/wifi-host-driver/COMPONENT_WIFI5/src/whd_chip_constants.c:28:10:whd_chip_set_chip_id	16	static
C:/Users/Ganesh Thorat/Desktop/Demo8Oct2024/wifi_scan/Middlewares/Third_Party/Infineon_Wireless_Connectivity/wifi-host-driver/COMPONENT_WIFI5/src/whd_chip_constants.c:35:10:whd_chip_get_chip_id	16	static
C:/Users/Ganesh Thorat/Desktop/Demo8Oct2024/wifi_scan/Middlewares/Third_Party/Infineon_Wireless_Connectivity/wifi-host-driver/COMPONENT_WIFI5/src/whd_chip_constants.c:40:14:whd_chip_get_chanspec_ctl_channel_num	40	static
C:/Users/Ganesh Thorat/Desktop/Demo8Oct2024/wifi_scan/Middlewares/Third_Party/Infineon_Wireless_Connectivity/wifi-host-driver/COMPONENT_WIFI5/src/whd_chip_constants.c:120:10:get_whd_var	152	static
C:/Users/Ganesh Thorat/Desktop/Demo8Oct2024/wifi_scan/Middlewares/Third_Party/Infineon_Wireless_Connectivity/wifi-host-driver/COMPONENT_WIFI5/src/whd_chip_constants.c:226:14:get_arm_core_base_address	16	static
C:/Users/Ganesh Thorat/Desktop/Demo8Oct2024/wifi_scan/Middlewares/Third_Party/Infineon_Wireless_Connectivity/wifi-host-driver/COMPONENT_WIFI5/src/whd_chip_constants.c:252:14:get_socsram_base_address	24	static
C:/Users/Ganesh Thorat/Desktop/Demo8Oct2024/wifi_scan/Middlewares/Third_Party/Infineon_Wireless_Connectivity/wifi-host-driver/COMPONENT_WIFI5/src/whd_chip_constants.c:273:14:get_sdiod_core_base_address	16	static
C:/Users/Ganesh Thorat/Desktop/Demo8Oct2024/wifi_scan/Middlewares/Third_Party/Infineon_Wireless_Connectivity/wifi-host-driver/COMPONENT_WIFI5/src/whd_chip_constants.c:298:14:get_pmu_base_address	16	static
C:/Users/Ganesh Thorat/Desktop/Demo8Oct2024/wifi_scan/Middlewares/Third_Party/Infineon_Wireless_Connectivity/wifi-host-driver/COMPONENT_WIFI5/src/whd_chip_constants.c:324:14:get_chip_ram_size	16	static
C:/Users/Ganesh Thorat/Desktop/Demo8Oct2024/wifi_scan/Middlewares/Third_Party/Infineon_Wireless_Connectivity/wifi-host-driver/COMPONENT_WIFI5/src/whd_chip_constants.c:370:14:get_atcm_ram_base_address	16	static
C:/Users/Ganesh Thorat/Desktop/Demo8Oct2024/wifi_scan/Middlewares/Third_Party/Infineon_Wireless_Connectivity/wifi-host-driver/COMPONENT_WIFI5/src/whd_chip_constants.c:403:14:get_socsram_srmem_size	16	static
C:/Users/Ganesh Thorat/Desktop/Demo8Oct2024/wifi_scan/Middlewares/Third_Party/Infineon_Wireless_Connectivity/wifi-host-driver/COMPONENT_WIFI5/src/whd_chip_constants.c:421:14:get_wl_chanspec_band_mask	16	static
C:/Users/Ganesh Thorat/Desktop/Demo8Oct2024/wifi_scan/Middlewares/Third_Party/Infineon_Wireless_Connectivity/wifi-host-driver/COMPONENT_WIFI5/src/whd_chip_constants.c:435:14:get_wl_chanspec_band_2G	16	static
C:/Users/Ganesh Thorat/Desktop/Demo8Oct2024/wifi_scan/Middlewares/Third_Party/Infineon_Wireless_Connectivity/wifi-host-driver/COMPONENT_WIFI5/src/whd_chip_constants.c:449:14:get_wl_chanspec_band_5G	16	static
C:/Users/Ganesh Thorat/Desktop/Demo8Oct2024/wifi_scan/Middlewares/Third_Party/Infineon_Wireless_Connectivity/wifi-host-driver/COMPONENT_WIFI5/src/whd_chip_constants.c:463:14:get_wl_chanspec_band_6G	16	static
C:/Users/Ganesh Thorat/Desktop/Demo8Oct2024/wifi_scan/Middlewares/Third_Party/Infineon_Wireless_Connectivity/wifi-host-driver/COMPONENT_WIFI5/src/whd_chip_constants.c:477:14:get_wl_chanspec_band_shift	16	static
C:/Users/Ganesh Thorat/Desktop/Demo8Oct2024/wifi_scan/Middlewares/Third_Party/Infineon_Wireless_Connectivity/wifi-host-driver/COMPONENT_WIFI5/src/whd_chip_constants.c:491:14:get_wl_chanspec_bw_10	16	static
C:/Users/Ganesh Thorat/Desktop/Demo8Oct2024/wifi_scan/Middlewares/Third_Party/Infineon_Wireless_Connectivity/wifi-host-driver/COMPONENT_WIFI5/src/whd_chip_constants.c:505:14:get_wl_chanspec_bw_20	16	static
C:/Users/Ganesh Thorat/Desktop/Demo8Oct2024/wifi_scan/Middlewares/Third_Party/Infineon_Wireless_Connectivity/wifi-host-driver/COMPONENT_WIFI5/src/whd_chip_constants.c:519:14:get_wl_chanspec_bw_40	16	static
C:/Users/Ganesh Thorat/Desktop/Demo8Oct2024/wifi_scan/Middlewares/Third_Party/Infineon_Wireless_Connectivity/wifi-host-driver/COMPONENT_WIFI5/src/whd_chip_constants.c:533:14:get_wl_chanspec_bw_80	16	static
C:/Users/Ganesh Thorat/Desktop/Demo8Oct2024/wifi_scan/Middlewares/Third_Party/Infineon_Wireless_Connectivity/wifi-host-driver/COMPONENT_WIFI5/src/whd_chip_constants.c:547:14:get_wl_chanspec_bw_160	16	static
C:/Users/Ganesh Thorat/Desktop/Demo8Oct2024/wifi_scan/Middlewares/Third_Party/Infineon_Wireless_Connectivity/wifi-host-driver/COMPONENT_WIFI5/src/whd_chip_constants.c:561:14:get_wl_chanspec_bw_mask	16	static
C:/Users/Ganesh Thorat/Desktop/Demo8Oct2024/wifi_scan/Middlewares/Third_Party/Infineon_Wireless_Connectivity/wifi-host-driver/COMPONENT_WIFI5/src/whd_chip_constants.c:575:14:get_wl_chanspec_bw_shift	16	static
C:/Users/Ganesh Thorat/Desktop/Demo8Oct2024/wifi_scan/Middlewares/Third_Party/Infineon_Wireless_Connectivity/wifi-host-driver/COMPONENT_WIFI5/src/whd_chip_constants.c:589:14:get_wl_chanspec_ctl_sb_none	16	static
C:/Users/Ganesh Thorat/Desktop/Demo8Oct2024/wifi_scan/Middlewares/Third_Party/Infineon_Wireless_Connectivity/wifi-host-driver/COMPONENT_WIFI5/src/whd_chip_constants.c:603:14:get_wl_chanspec_ctl_sb_LLL	16	static
C:/Users/Ganesh Thorat/Desktop/Demo8Oct2024/wifi_scan/Middlewares/Third_Party/Infineon_Wireless_Connectivity/wifi-host-driver/COMPONENT_WIFI5/src/whd_chip_constants.c:617:14:get_wl_chanspec_ctl_sb_LLU	16	static
C:/Users/Ganesh Thorat/Desktop/Demo8Oct2024/wifi_scan/Middlewares/Third_Party/Infineon_Wireless_Connectivity/wifi-host-driver/COMPONENT_WIFI5/src/whd_chip_constants.c:631:14:get_wl_chanspec_ctl_sb_LUL	16	static
C:/Users/Ganesh Thorat/Desktop/Demo8Oct2024/wifi_scan/Middlewares/Third_Party/Infineon_Wireless_Connectivity/wifi-host-driver/COMPONENT_WIFI5/src/whd_chip_constants.c:645:14:get_wl_chanspec_ctl_sb_LUU	16	static
C:/Users/Ganesh Thorat/Desktop/Demo8Oct2024/wifi_scan/Middlewares/Third_Party/Infineon_Wireless_Connectivity/wifi-host-driver/COMPONENT_WIFI5/src/whd_chip_constants.c:659:14:get_wl_chanspec_ctl_sb_ULL	16	static
C:/Users/Ganesh Thorat/Desktop/Demo8Oct2024/wifi_scan/Middlewares/Third_Party/Infineon_Wireless_Connectivity/wifi-host-driver/COMPONENT_WIFI5/src/whd_chip_constants.c:673:14:get_wl_chanspec_ctl_sb_ULU	16	static
C:/Users/Ganesh Thorat/Desktop/Demo8Oct2024/wifi_scan/Middlewares/Third_Party/Infineon_Wireless_Connectivity/wifi-host-driver/COMPONENT_WIFI5/src/whd_chip_constants.c:687:14:get_wl_chanspec_ctl_sb_UUL	16	static
C:/Users/Ganesh Thorat/Desktop/Demo8Oct2024/wifi_scan/Middlewares/Third_Party/Infineon_Wireless_Connectivity/wifi-host-driver/COMPONENT_WIFI5/src/whd_chip_constants.c:701:14:get_wl_chanspec_ctl_sb_UUU	16	static
C:/Users/Ganesh Thorat/Desktop/Demo8Oct2024/wifi_scan/Middlewares/Third_Party/Infineon_Wireless_Connectivity/wifi-host-driver/COMPONENT_WIFI5/src/whd_chip_constants.c:715:14:get_wl_chanspec_ctl_sb_mask	16	static
C:/Users/Ganesh Thorat/Desktop/Demo8Oct2024/wifi_scan/Middlewares/Third_Party/Infineon_Wireless_Connectivity/wifi-host-driver/COMPONENT_WIFI5/src/whd_chip_constants.c:729:14:get_nvram_dwnld_start_address	16	static
