C:/Users/Ganesh Thorat/Desktop/Demo8Oct2024/wifi_scan/Middlewares/Third_Party/Infineon_Wireless_Connectivity/wifi-host-driver/COMPONENT_WIFI5/src/whd_utils.c:86:18:whd_tlv_find_tlv8	32	static
C:/Users/Ganesh Thorat/Desktop/Demo8Oct2024/wifi_scan/Middlewares/Third_Party/Infineon_Wireless_Connectivity/wifi-host-driver/COMPONENT_WIFI5/src/whd_utils.c:112:20:whd_parse_tlvs	24	static
C:/Users/Ganesh Thorat/Desktop/Demo8Oct2024/wifi_scan/Middlewares/Third_Party/Infineon_Wireless_Connectivity/wifi-host-driver/COMPONENT_WIFI5/src/whd_utils.c:118:12:whd_is_wpa_ie	40	static
C:/Users/Ganesh Thorat/Desktop/Demo8Oct2024/wifi_scan/Middlewares/Third_Party/Infineon_Wireless_Connectivity/wifi-host-driver/COMPONENT_WIFI5/src/whd_utils.c:154:20:whd_parse_dot11_tlvs	24	static
C:/Users/Ganesh Thorat/Desktop/Demo8Oct2024/wifi_scan/Middlewares/Third_Party/Infineon_Wireless_Connectivity/wifi-host-driver/COMPONENT_WIFI5/src/whd_utils.c:817:6:whd_convert_security_type_to_string	24	static
C:/Users/Ganesh Thorat/Desktop/Demo8Oct2024/wifi_scan/Middlewares/Third_Party/Infineon_Wireless_Connectivity/wifi-host-driver/COMPONENT_WIFI5/src/whd_utils.c:886:6:whd_print_scan_result	88	static
C:/Users/Ganesh Thorat/Desktop/Demo8Oct2024/wifi_scan/Middlewares/Third_Party/Infineon_Wireless_Connectivity/wifi-host-driver/COMPONENT_WIFI5/src/whd_utils.c:965:6:whd_hexdump	40	static
C:/Users/Ganesh Thorat/Desktop/Demo8Oct2024/wifi_scan/Middlewares/Third_Party/Infineon_Wireless_Connectivity/wifi-host-driver/COMPONENT_WIFI5/src/whd_utils.c:1001:6:whd_ioctl_info_to_string	24	static
C:/Users/Ganesh Thorat/Desktop/Demo8Oct2024/wifi_scan/Middlewares/Third_Party/Infineon_Wireless_Connectivity/wifi-host-driver/COMPONENT_WIFI5/src/whd_utils.c:1058:6:whd_event_info_to_string	24	static
C:/Users/Ganesh Thorat/Desktop/Demo8Oct2024/wifi_scan/Middlewares/Third_Party/Infineon_Wireless_Connectivity/wifi-host-driver/COMPONENT_WIFI5/src/whd_utils.c:1109:6:whd_str_to_ip	32	static
C:/Users/Ganesh Thorat/Desktop/Demo8Oct2024/wifi_scan/Middlewares/Third_Party/Infineon_Wireless_Connectivity/wifi-host-driver/COMPONENT_WIFI5/src/whd_utils.c:1163:13:whd_ipv4_itoa	24	static
C:/Users/Ganesh Thorat/Desktop/Demo8Oct2024/wifi_scan/Middlewares/Third_Party/Infineon_Wireless_Connectivity/wifi-host-driver/COMPONENT_WIFI5/src/whd_utils.c:1187:9:whd_ip4_to_string	24	static
C:/Users/Ganesh Thorat/Desktop/Demo8Oct2024/wifi_scan/Middlewares/Third_Party/Infineon_Wireless_Connectivity/wifi-host-driver/COMPONENT_WIFI5/src/whd_utils.c:1215:14:whd_mem_malloc	16	static
C:/Users/Ganesh Thorat/Desktop/Demo8Oct2024/wifi_scan/Middlewares/Third_Party/Infineon_Wireless_Connectivity/wifi-host-driver/COMPONENT_WIFI5/src/whd_utils.c:1220:14:whd_mem_calloc	16	static
C:/Users/Ganesh Thorat/Desktop/Demo8Oct2024/wifi_scan/Middlewares/Third_Party/Infineon_Wireless_Connectivity/wifi-host-driver/COMPONENT_WIFI5/src/whd_utils.c:1225:13:whd_mem_free	16	static
