C:/Users/Ganesh Thorat/Desktop/Demo8Oct2024/wifi_scan/Middlewares/Third_Party/Infineon_Wireless_Connectivity/btstack-integration/COMPONENT_HCI-UART/freertos/cybt_platform_freertos.c:118:9:calculate_lptimer_freq_shift	24	static
C:/Users/Ganesh Thorat/Desktop/Demo8Oct2024/wifi_scan/Middlewares/Third_Party/Infineon_Wireless_Connectivity/btstack-integration/COMPONENT_HCI-UART/freertos/cybt_platform_freertos.c:133:6:platform_stack_lptimer_cback	16	static
C:/Users/Ganesh Thorat/Desktop/Demo8Oct2024/wifi_scan/Middlewares/Third_Party/Infineon_Wireless_Connectivity/btstack-integration/COMPONENT_HCI-UART/freertos/cybt_platform_freertos.c:143:7:cybt_platform_malloc	16	static
C:/Users/Ganesh Thorat/Desktop/Demo8Oct2024/wifi_scan/Middlewares/Third_Party/Infineon_Wireless_Connectivity/btstack-integration/COMPONENT_HCI-UART/freertos/cybt_platform_freertos.c:148:6:cybt_platform_free	16	static
C:/Users/Ganesh Thorat/Desktop/Demo8Oct2024/wifi_scan/Middlewares/Third_Party/Infineon_Wireless_Connectivity/btstack-integration/COMPONENT_HCI-UART/freertos/cybt_platform_freertos.c:153:6:cybt_platform_disable_irq	4	static,ignoring_inline_asm
C:/Users/Ganesh Thorat/Desktop/Demo8Oct2024/wifi_scan/Middlewares/Third_Party/Infineon_Wireless_Connectivity/btstack-integration/COMPONENT_HCI-UART/freertos/cybt_platform_freertos.c:158:6:cybt_platform_enable_irq	4	static,ignoring_inline_asm
C:/Users/Ganesh Thorat/Desktop/Demo8Oct2024/wifi_scan/Middlewares/Third_Party/Infineon_Wireless_Connectivity/btstack-integration/COMPONENT_HCI-UART/freertos/cybt_platform_freertos.c:163:6:cybt_platform_init	8	static
C:/Users/Ganesh Thorat/Desktop/Demo8Oct2024/wifi_scan/Middlewares/Third_Party/Infineon_Wireless_Connectivity/btstack-integration/COMPONENT_HCI-UART/freertos/cybt_platform_freertos.c:208:6:cybt_platform_deinit	8	static
C:/Users/Ganesh Thorat/Desktop/Demo8Oct2024/wifi_scan/Middlewares/Third_Party/Infineon_Wireless_Connectivity/btstack-integration/COMPONENT_HCI-UART/freertos/cybt_platform_freertos.c:223:6:cybt_platform_sleep_lock	4	static
C:/Users/Ganesh Thorat/Desktop/Demo8Oct2024/wifi_scan/Middlewares/Third_Party/Infineon_Wireless_Connectivity/btstack-integration/COMPONENT_HCI-UART/freertos/cybt_platform_freertos.c:240:6:cybt_platform_sleep_unlock	4	static
C:/Users/Ganesh Thorat/Desktop/Demo8Oct2024/wifi_scan/Middlewares/Third_Party/Infineon_Wireless_Connectivity/btstack-integration/COMPONENT_HCI-UART/freertos/cybt_platform_freertos.c:257:10:cybt_platform_get_tick_count_us	144	static
C:/Users/Ganesh Thorat/Desktop/Demo8Oct2024/wifi_scan/Middlewares/Third_Party/Infineon_Wireless_Connectivity/btstack-integration/COMPONENT_HCI-UART/freertos/cybt_platform_freertos.c:292:6:cybt_platform_set_next_timeout	72	static
C:/Users/Ganesh Thorat/Desktop/Demo8Oct2024/wifi_scan/Middlewares/Third_Party/Infineon_Wireless_Connectivity/btstack-integration/COMPONENT_HCI-UART/freertos/cybt_platform_freertos.c:312:6:cybt_platform_log_print	152	static
C:/Users/Ganesh Thorat/Desktop/Demo8Oct2024/wifi_scan/Middlewares/Third_Party/Infineon_Wireless_Connectivity/btstack-integration/COMPONENT_HCI-UART/freertos/cybt_platform_freertos.c:332:13:cybt_uart_rx_not_empty	8	static
C:/Users/Ganesh Thorat/Desktop/Demo8Oct2024/wifi_scan/Middlewares/Third_Party/Infineon_Wireless_Connectivity/btstack-integration/COMPONENT_HCI-UART/freertos/cybt_platform_freertos.c:344:13:cybt_uart_tx_done_irq	8	static
C:/Users/Ganesh Thorat/Desktop/Demo8Oct2024/wifi_scan/Middlewares/Third_Party/Infineon_Wireless_Connectivity/btstack-integration/COMPONENT_HCI-UART/freertos/cybt_platform_freertos.c:349:13:cybt_uart_rx_done_irq	8	static
C:/Users/Ganesh Thorat/Desktop/Demo8Oct2024/wifi_scan/Middlewares/Third_Party/Infineon_Wireless_Connectivity/btstack-integration/COMPONENT_HCI-UART/freertos/cybt_platform_freertos.c:354:13:cybt_uart_irq_handler	16	static
C:/Users/Ganesh Thorat/Desktop/Demo8Oct2024/wifi_scan/Middlewares/Third_Party/Infineon_Wireless_Connectivity/btstack-integration/COMPONENT_HCI-UART/freertos/cybt_platform_freertos.c:372:6:cybt_platform_assert_bt_wake	16	static
C:/Users/Ganesh Thorat/Desktop/Demo8Oct2024/wifi_scan/Middlewares/Third_Party/Infineon_Wireless_Connectivity/btstack-integration/COMPONENT_HCI-UART/freertos/cybt_platform_freertos.c:400:6:cybt_platform_deassert_bt_wake	16	static
C:/Users/Ganesh Thorat/Desktop/Demo8Oct2024/wifi_scan/Middlewares/Third_Party/Infineon_Wireless_Connectivity/btstack-integration/COMPONENT_HCI-UART/freertos/cybt_platform_freertos.c:429:6:cybt_host_wake_irq_handler	24	static
C:/Users/Ganesh Thorat/Desktop/Demo8Oct2024/wifi_scan/Middlewares/Third_Party/Infineon_Wireless_Connectivity/btstack-integration/COMPONENT_HCI-UART/freertos/cybt_platform_freertos.c:460:15:cybt_platform_hci_open	80	static
C:/Users/Ganesh Thorat/Desktop/Demo8Oct2024/wifi_scan/Middlewares/Third_Party/Infineon_Wireless_Connectivity/btstack-integration/COMPONENT_HCI-UART/freertos/cybt_platform_freertos.c:667:15:cybt_platform_hci_set_baudrate	24	static
C:/Users/Ganesh Thorat/Desktop/Demo8Oct2024/wifi_scan/Middlewares/Third_Party/Infineon_Wireless_Connectivity/btstack-integration/COMPONENT_HCI-UART/freertos/cybt_platform_freertos.c:693:15:cybt_platform_hci_write	32	static
C:/Users/Ganesh Thorat/Desktop/Demo8Oct2024/wifi_scan/Middlewares/Third_Party/Infineon_Wireless_Connectivity/btstack-integration/COMPONENT_HCI-UART/freertos/cybt_platform_freertos.c:739:15:cybt_platform_hci_read	40	static
C:/Users/Ganesh Thorat/Desktop/Demo8Oct2024/wifi_scan/Middlewares/Third_Party/Infineon_Wireless_Connectivity/btstack-integration/COMPONENT_HCI-UART/freertos/cybt_platform_freertos.c:833:15:cybt_platform_hci_close	32	static
C:/Users/Ganesh Thorat/Desktop/Demo8Oct2024/wifi_scan/Middlewares/Third_Party/Infineon_Wireless_Connectivity/btstack-integration/COMPONENT_HCI-UART/freertos/cybt_platform_freertos.c:905:6:cybt_platform_hci_irq_rx_data_ind	16	static
