C:/Users/Ganesh Thorat/Desktop/Demo8Oct2024/wifi_scan/Middlewares/Third_Party/Infineon_Wireless_Connectivity/btstack-integration/COMPONENT_HCI-UART/common/cybt_host_stack_platform_interface.c:56:6:host_stack_exception_handler	24	static
C:/Users/Ganesh Thorat/Desktop/Demo8Oct2024/wifi_scan/Middlewares/Third_Party/Infineon_Wireless_Connectivity/btstack-integration/COMPONENT_HCI-UART/common/cybt_host_stack_platform_interface.c:61:6:host_stack_mutex_lock	16	static
C:/Users/Ganesh Thorat/Desktop/Demo8Oct2024/wifi_scan/Middlewares/Third_Party/Infineon_Wireless_Connectivity/btstack-integration/COMPONENT_HCI-UART/common/cybt_host_stack_platform_interface.c:66:6:host_stack_mutex_unlock	16	static
C:/Users/Ganesh Thorat/Desktop/Demo8Oct2024/wifi_scan/Middlewares/Third_Party/Infineon_Wireless_Connectivity/btstack-integration/COMPONENT_HCI-UART/common/cybt_host_stack_platform_interface.c:71:10:host_stack_get_acl_to_lower_buffer	40	static
C:/Users/Ganesh Thorat/Desktop/Demo8Oct2024/wifi_scan/Middlewares/Third_Party/Infineon_Wireless_Connectivity/btstack-integration/COMPONENT_HCI-UART/common/cybt_host_stack_platform_interface.c:133:16:host_stack_send_acl_to_lower	32	static
C:/Users/Ganesh Thorat/Desktop/Demo8Oct2024/wifi_scan/Middlewares/Third_Party/Infineon_Wireless_Connectivity/btstack-integration/COMPONENT_HCI-UART/common/cybt_host_stack_platform_interface.c:195:16:host_stack_send_cmd_to_lower	40	static
C:/Users/Ganesh Thorat/Desktop/Demo8Oct2024/wifi_scan/Middlewares/Third_Party/Infineon_Wireless_Connectivity/btstack-integration/COMPONENT_HCI-UART/common/cybt_host_stack_platform_interface.c:256:10:host_stack_get_sco_to_lower_buffer	40	static
C:/Users/Ganesh Thorat/Desktop/Demo8Oct2024/wifi_scan/Middlewares/Third_Party/Infineon_Wireless_Connectivity/btstack-integration/COMPONENT_HCI-UART/common/cybt_host_stack_platform_interface.c:318:16:host_stack_send_sco_to_lower	32	static
C:/Users/Ganesh Thorat/Desktop/Demo8Oct2024/wifi_scan/Middlewares/Third_Party/Infineon_Wireless_Connectivity/btstack-integration/COMPONENT_HCI-UART/common/cybt_host_stack_platform_interface.c:373:6:host_stack_print_trace_log	24	static
C:/Users/Ganesh Thorat/Desktop/Demo8Oct2024/wifi_scan/Middlewares/Third_Party/Infineon_Wireless_Connectivity/btstack-integration/COMPONENT_HCI-UART/common/cybt_host_stack_platform_interface.c:407:6:host_stack_platform_interface_init	96	static
C:/Users/Ganesh Thorat/Desktop/Demo8Oct2024/wifi_scan/Middlewares/Third_Party/Infineon_Wireless_Connectivity/btstack-integration/COMPONENT_HCI-UART/common/cybt_host_stack_platform_interface.c:449:6:host_stack_platform_interface_deinit	96	static
