C:/Users/Ganesh Thorat/Desktop/Demo8Oct2024/wifi_scan/Middlewares/Third_Party/Infineon_Wireless_Connectivity/btstack-integration/COMPONENT_HCI-UART/common/cybt_hci_rx_task.c:76:15:cybt_send_msg_to_hci_rx_task	24	static
C:/Users/Ganesh Thorat/Desktop/Demo8Oct2024/wifi_scan/Middlewares/Third_Party/Infineon_Wireless_Connectivity/btstack-integration/COMPONENT_HCI-UART/common/cybt_hci_rx_task.c:98:6:handle_hci_rx_event	32	static
C:/Users/Ganesh Thorat/Desktop/Demo8Oct2024/wifi_scan/Middlewares/Third_Party/Infineon_Wireless_Connectivity/btstack-integration/COMPONENT_HCI-UART/common/cybt_hci_rx_task.c:148:6:handle_hci_rx_acl	32	static
C:/Users/Ganesh Thorat/Desktop/Demo8Oct2024/wifi_scan/Middlewares/Third_Party/Infineon_Wireless_Connectivity/btstack-integration/COMPONENT_HCI-UART/common/cybt_hci_rx_task.c:198:6:handle_hci_rx_sco	32	static
C:/Users/Ganesh Thorat/Desktop/Demo8Oct2024/wifi_scan/Middlewares/Third_Party/Infineon_Wireless_Connectivity/btstack-integration/COMPONENT_HCI-UART/common/cybt_hci_rx_task.c:281:6:handle_hci_rx_data_ready	32	static
C:/Users/Ganesh Thorat/Desktop/Demo8Oct2024/wifi_scan/Middlewares/Third_Party/Infineon_Wireless_Connectivity/btstack-integration/COMPONENT_HCI-UART/common/cybt_hci_rx_task.c:331:6:handle_task_shutdown	16	static
C:/Users/Ganesh Thorat/Desktop/Demo8Oct2024/wifi_scan/Middlewares/Third_Party/Infineon_Wireless_Connectivity/btstack-integration/COMPONENT_HCI-UART/common/cybt_hci_rx_task.c:347:6:handle_pending_inds	24	static
C:/Users/Ganesh Thorat/Desktop/Demo8Oct2024/wifi_scan/Middlewares/Third_Party/Infineon_Wireless_Connectivity/btstack-integration/COMPONENT_HCI-UART/common/cybt_hci_rx_task.c:376:6:cybt_hci_rx_task	24	static
