C:/Users/Ganesh Thorat/Desktop/Demo8Oct2024/wifi_scan/CM7/Core/Src/main.c:117:9:__io_putchar	1
C:/Users/Ganesh Thorat/Desktop/Demo8Oct2024/wifi_scan/CM7/Core/Src/main.c:156:5:main	4
C:/Users/Ganesh Thorat/Desktop/Demo8Oct2024/wifi_scan/CM7/Core/Src/main.c:272:6:SystemClock_Config	4
C:/Users/Ganesh Thorat/Desktop/Demo8Oct2024/wifi_scan/CM7/Core/Src/main.c:341:13:MX_ETH_Init	2
C:/Users/Ganesh Thorat/Desktop/Demo8Oct2024/wifi_scan/CM7/Core/Src/main.c:390:13:MX_I2C1_Init	4
C:/Users/Ganesh Thorat/Desktop/Demo8Oct2024/wifi_scan/CM7/Core/Src/main.c:438:13:MX_LPTIM1_Init	2
C:/Users/Ganesh Thorat/Desktop/Demo8Oct2024/wifi_scan/CM7/Core/Src/main.c:472:13:MX_RTC_Init	4
C:/Users/Ganesh Thorat/Desktop/Demo8Oct2024/wifi_scan/CM7/Core/Src/main.c:536:6:MX_SDMMC1_SD_Init	2
C:/Users/Ganesh Thorat/Desktop/Demo8Oct2024/wifi_scan/CM7/Core/Src/main.c:567:13:MX_USART3_UART_Init	5
C:/Users/Ganesh Thorat/Desktop/Demo8Oct2024/wifi_scan/CM7/Core/Src/main.c:615:13:MX_USB_OTG_FS_PCD_Init	2
C:/Users/Ganesh Thorat/Desktop/Demo8Oct2024/wifi_scan/CM7/Core/Src/main.c:651:13:MX_GPIO_Init	1
C:/Users/Ganesh Thorat/Desktop/Demo8Oct2024/wifi_scan/CM7/Core/Src/main.c:701:13:WiFiTask	1
C:/Users/Ganesh Thorat/Desktop/Demo8Oct2024/wifi_scan/CM7/Core/Src/main.c:720:6:HAL_TIM_PeriodElapsedCallback	2
C:/Users/Ganesh Thorat/Desktop/Demo8Oct2024/wifi_scan/CM7/Core/Src/main.c:737:6:Error_Handler	1
