C:/Users/Ganesh Thorat/Desktop/Demo8Oct2024/wifi_scan/CM7/Core/Src/stm32h7xx_hal_msp.c:64:6:HAL_MspInit	16	static
C:/Users/Ganesh Thorat/Desktop/Demo8Oct2024/wifi_scan/CM7/Core/Src/stm32h7xx_hal_msp.c:87:6:HAL_ETH_MspInit	64	static
C:/Users/Ganesh Thorat/Desktop/Demo8Oct2024/wifi_scan/CM7/Core/Src/stm32h7xx_hal_msp.c:156:6:HAL_ETH_MspDeInit	16	static
C:/Users/Ganesh Thorat/Desktop/Demo8Oct2024/wifi_scan/CM7/Core/Src/stm32h7xx_hal_msp.c:200:6:HAL_I2C_MspInit	240	static
C:/Users/Ganesh Thorat/Desktop/Demo8Oct2024/wifi_scan/CM7/Core/Src/stm32h7xx_hal_msp.c:246:6:HAL_I2C_MspDeInit	16	static
C:/Users/Ganesh Thorat/Desktop/Demo8Oct2024/wifi_scan/CM7/Core/Src/stm32h7xx_hal_msp.c:277:6:HAL_LPTIM_MspInit	216	static
C:/Users/Ganesh Thorat/Desktop/Demo8Oct2024/wifi_scan/CM7/Core/Src/stm32h7xx_hal_msp.c:313:6:HAL_LPTIM_MspDeInit	16	static
C:/Users/Ganesh Thorat/Desktop/Demo8Oct2024/wifi_scan/CM7/Core/Src/stm32h7xx_hal_msp.c:338:6:HAL_RTC_MspInit	208	static
C:/Users/Ganesh Thorat/Desktop/Demo8Oct2024/wifi_scan/CM7/Core/Src/stm32h7xx_hal_msp.c:371:6:HAL_RTC_MspDeInit	16	static
C:/Users/Ganesh Thorat/Desktop/Demo8Oct2024/wifi_scan/CM7/Core/Src/stm32h7xx_hal_msp.c:393:6:HAL_SD_MspInit	248	static
C:/Users/Ganesh Thorat/Desktop/Demo8Oct2024/wifi_scan/CM7/Core/Src/stm32h7xx_hal_msp.c:453:6:HAL_SD_MspDeInit	16	static
C:/Users/Ganesh Thorat/Desktop/Demo8Oct2024/wifi_scan/CM7/Core/Src/stm32h7xx_hal_msp.c:489:6:HAL_UART_MspInit	240	static
C:/Users/Ganesh Thorat/Desktop/Demo8Oct2024/wifi_scan/CM7/Core/Src/stm32h7xx_hal_msp.c:536:6:HAL_UART_MspDeInit	16	static
C:/Users/Ganesh Thorat/Desktop/Demo8Oct2024/wifi_scan/CM7/Core/Src/stm32h7xx_hal_msp.c:565:6:HAL_PCD_MspInit	240	static
C:/Users/Ganesh Thorat/Desktop/Demo8Oct2024/wifi_scan/CM7/Core/Src/stm32h7xx_hal_msp.c:622:6:HAL_PCD_MspDeInit	16	static
