C:/Users/Ganesh Thorat/Desktop/Demo8Oct2024/wifi_scan/CM7/Core/Src/wifi_task.c:135:6:WiFiTask	64	static
C:/Users/Ganesh Thorat/Desktop/Demo8Oct2024/wifi_scan/CM7/Core/Src/wifi_task.c:194:6:wifi_scan	24	static
C:/Users/Ganesh Thorat/Desktop/Demo8Oct2024/wifi_scan/CM7/Core/Src/wifi_task.c:226:6:scan_check_bssid_in_list	24	static
C:/Users/Ganesh Thorat/Desktop/Demo8Oct2024/wifi_scan/CM7/Core/Src/wifi_task.c:254:6:scan_result_callback	104	static
C:/Users/Ganesh Thorat/Desktop/Demo8Oct2024/wifi_scan/CM7/Core/Src/wifi_task.c:305:13:security_to_str	16	static
C:/Users/Ganesh Thorat/Desktop/Demo8Oct2024/wifi_scan/CM7/Core/Src/wifi_task.c:383:13:print_ip4	32	static
C:/Users/Ganesh Thorat/Desktop/Demo8Oct2024/wifi_scan/CM7/Core/Src/wifi_task.c:408:6:wifi_connect	520	static
C:/Users/Ganesh Thorat/Desktop/Demo8Oct2024/wifi_scan/CM7/Core/Src/wifi_task.c:564:6:SDMMC1_IRQHandler	8	static
C:/Users/Ganesh Thorat/Desktop/Demo8Oct2024/wifi_scan/CM7/Core/Src/wifi_task.c:583:6:HAL_GPIO_EXTI_Callback	16	static
