../../../Middlewares/Third_Party/Infineon_Wireless_Connectivity/pal/core-lib/include/cy_utils.h:48:20:CY_HALT	4	static,ignoring_inline_asm
C:/Users/Ganesh Thorat/Desktop/Demo8Oct2024/wifi_scan/Middlewares/Third_Party/Infineon_Wireless_Connectivity/whd-bsp-integration/COMPONENT_LWIP/cy_network_buffer_lwip.c:39:14:cy_buffer_pool_init	16	static
C:/Users/Ganesh Thorat/Desktop/Demo8Oct2024/wifi_scan/Middlewares/Third_Party/Infineon_Wireless_Connectivity/whd-bsp-integration/COMPONENT_LWIP/cy_network_buffer_lwip.c:55:14:cy_host_buffer_get	40	static
C:/Users/Ganesh Thorat/Desktop/Demo8Oct2024/wifi_scan/Middlewares/Third_Party/Infineon_Wireless_Connectivity/whd-bsp-integration/COMPONENT_LWIP/cy_network_buffer_lwip.c:103:6:cy_buffer_release	16	static
C:/Users/Ganesh Thorat/Desktop/Demo8Oct2024/wifi_scan/Middlewares/Third_Party/Infineon_Wireless_Connectivity/whd-bsp-integration/COMPONENT_LWIP/cy_network_buffer_lwip.c:113:10:cy_buffer_get_current_piece_data_pointer	24	static
C:/Users/Ganesh Thorat/Desktop/Demo8Oct2024/wifi_scan/Middlewares/Third_Party/Infineon_Wireless_Connectivity/whd-bsp-integration/COMPONENT_LWIP/cy_network_buffer_lwip.c:124:10:cy_buffer_get_current_piece_size	24	static
C:/Users/Ganesh Thorat/Desktop/Demo8Oct2024/wifi_scan/Middlewares/Third_Party/Infineon_Wireless_Connectivity/whd-bsp-integration/COMPONENT_LWIP/cy_network_buffer_lwip.c:135:14:cy_buffer_set_size	24	static
C:/Users/Ganesh Thorat/Desktop/Demo8Oct2024/wifi_scan/Middlewares/Third_Party/Infineon_Wireless_Connectivity/whd-bsp-integration/COMPONENT_LWIP/cy_network_buffer_lwip.c:157:14:cy_buffer_add_remove_at_front	24	static
