C:/Users/Ganesh Thorat/Desktop/Demo8Oct2024/wifi_scan/Middlewares/Third_Party/Infineon_Wireless_Connectivity/whd-bsp-integration/cybsp_wifi.c:275:13:_cybsp_wifi_reset_wifi_chip	8	static
C:/Users/Ganesh Thorat/Desktop/Demo8Oct2024/wifi_scan/Middlewares/Third_Party/Infineon_Wireless_Connectivity/whd-bsp-integration/cybsp_wifi.c:293:18:_cybsp_wifi_sdio_try_send_cmd	40	static
C:/Users/Ganesh Thorat/Desktop/Demo8Oct2024/wifi_scan/Middlewares/Third_Party/Infineon_Wireless_Connectivity/whd-bsp-integration/cybsp_wifi.c:317:17:_cybsp_wifi_create_cmd_52_arg	16	static
C:/Users/Ganesh Thorat/Desktop/Demo8Oct2024/wifi_scan/Middlewares/Third_Party/Infineon_Wireless_Connectivity/whd-bsp-integration/cybsp_wifi.c:333:18:_cybsp_wifi_sdio_card_init	64	static
C:/Users/Ganesh Thorat/Desktop/Demo8Oct2024/wifi_scan/Middlewares/Third_Party/Infineon_Wireless_Connectivity/whd-bsp-integration/cybsp_wifi.c:517:18:_cybsp_wifi_sdio_init_bus2	40	static
C:/Users/Ganesh Thorat/Desktop/Demo8Oct2024/wifi_scan/Middlewares/Third_Party/Infineon_Wireless_Connectivity/whd-bsp-integration/cybsp_wifi.c:553:18:_cybsp_wifi_sdio_init_bus	16	static
C:/Users/Ganesh Thorat/Desktop/Demo8Oct2024/wifi_scan/Middlewares/Third_Party/Infineon_Wireless_Connectivity/whd-bsp-integration/cybsp_wifi.c:661:25:_cybsp_wifi_bus_init	8	static
C:/Users/Ganesh Thorat/Desktop/Demo8Oct2024/wifi_scan/Middlewares/Third_Party/Infineon_Wireless_Connectivity/whd-bsp-integration/cybsp_wifi.c:683:20:_cybsp_wifi_bus_detach	8	static
C:/Users/Ganesh Thorat/Desktop/Demo8Oct2024/wifi_scan/Middlewares/Third_Party/Infineon_Wireless_Connectivity/whd-bsp-integration/cybsp_wifi.c:702:11:cybsp_wifi_init_primary_extended	40	static
C:/Users/Ganesh Thorat/Desktop/Demo8Oct2024/wifi_scan/Middlewares/Third_Party/Infineon_Wireless_Connectivity/whd-bsp-integration/cybsp_wifi.c:773:11:cybsp_wifi_init_secondary	16	static
C:/Users/Ganesh Thorat/Desktop/Demo8Oct2024/wifi_scan/Middlewares/Third_Party/Infineon_Wireless_Connectivity/whd-bsp-integration/cybsp_wifi.c:782:11:cybsp_wifi_deinit	24	static
C:/Users/Ganesh Thorat/Desktop/Demo8Oct2024/wifi_scan/Middlewares/Third_Party/Infineon_Wireless_Connectivity/whd-bsp-integration/cybsp_wifi.c:810:14:cybsp_get_wifi_driver	4	static
